../Core/Src/main.c:101:6:HAL_ADC_ConvCpltCallback	16	static
../Core/Src/main.c:111:5:main	16	static
../Core/Src/main.c:193:6:SystemClock_Config	96	static
../Core/Src/main.c:254:13:MX_ADC1_Init	32	static
../Core/Src/main.c:321:13:MX_CAN1_Init	8	static
../Core/Src/main.c:360:13:MX_I2C1_Init	8	static
../Core/Src/main.c:408:13:MX_TIM2_Init	64	static
../Core/Src/main.c:467:13:MX_USART2_UART_Init	8	static
../Core/Src/main.c:500:13:MX_DMA_Init	16	static
../Core/Src/main.c:524:13:MX_GPIO_Init	40	static
../Core/Src/main.c:556:6:HSB_DebugPrint	8	static
../Core/Src/main.c:563:10:HSB_ReadMCP3427	32	static
../Core/Src/main.c:572:6:HAL_TIM_PeriodElapsedCallback	16	static
../Core/Src/main.c:582:6:Error_Handler	4	static,ignoring_inline_asm
