Archive member included to satisfy reference by file (symbol)

C:/ST/STM32CubeIDE_1.13.1/STM32CubeIDE/plugins/com.st.stm32cube.ide.mcu.externaltools.gnu-tools-for-stm32.11.3.rel1.win32_1.1.0.202305231506/tools/bin/../lib/gcc/arm-none-eabi/11.3.1/../../../../arm-none-eabi/lib/thumb/v7e-m+fp/hard\libc_nano.a(libc_a-exit.o)
                              C:/ST/STM32CubeIDE_1.13.1/STM32CubeIDE/plugins/com.st.stm32cube.ide.mcu.externaltools.gnu-tools-for-stm32.11.3.rel1.win32_1.1.0.202305231506/tools/bin/../lib/gcc/arm-none-eabi/11.3.1/../../../../arm-none-eabi/lib/thumb/v7e-m+fp/hard/crt0.o (exit)
C:/ST/STM32CubeIDE_1.13.1/STM32CubeIDE/plugins/com.st.stm32cube.ide.mcu.externaltools.gnu-tools-for-stm32.11.3.rel1.win32_1.1.0.202305231506/tools/bin/../lib/gcc/arm-none-eabi/11.3.1/../../../../arm-none-eabi/lib/thumb/v7e-m+fp/hard\libc_nano.a(libc_a-findfp.o)
                              C:/ST/STM32CubeIDE_1.13.1/STM32CubeIDE/plugins/com.st.stm32cube.ide.mcu.externaltools.gnu-tools-for-stm32.11.3.rel1.win32_1.1.0.202305231506/tools/bin/../lib/gcc/arm-none-eabi/11.3.1/../../../../arm-none-eabi/lib/thumb/v7e-m+fp/hard\libc_nano.a(libc_a-exit.o) (__stdio_exit_handler)
C:/ST/STM32CubeIDE_1.13.1/STM32CubeIDE/plugins/com.st.stm32cube.ide.mcu.externaltools.gnu-tools-for-stm32.11.3.rel1.win32_1.1.0.202305231506/tools/bin/../lib/gcc/arm-none-eabi/11.3.1/../../../../arm-none-eabi/lib/thumb/v7e-m+fp/hard\libc_nano.a(libc_a-fwalk.o)
                              C:/ST/STM32CubeIDE_1.13.1/STM32CubeIDE/plugins/com.st.stm32cube.ide.mcu.externaltools.gnu-tools-for-stm32.11.3.rel1.win32_1.1.0.202305231506/tools/bin/../lib/gcc/arm-none-eabi/11.3.1/../../../../arm-none-eabi/lib/thumb/v7e-m+fp/hard\libc_nano.a(libc_a-findfp.o) (_fwalk_sglue)
C:/ST/STM32CubeIDE_1.13.1/STM32CubeIDE/plugins/com.st.stm32cube.ide.mcu.externaltools.gnu-tools-for-stm32.11.3.rel1.win32_1.1.0.202305231506/tools/bin/../lib/gcc/arm-none-eabi/11.3.1/../../../../arm-none-eabi/lib/thumb/v7e-m+fp/hard\libc_nano.a(libc_a-sprintf.o)
                              ./Core/Src/HSB_DebugPrint.o (sprintf)
C:/ST/STM32CubeIDE_1.13.1/STM32CubeIDE/plugins/com.st.stm32cube.ide.mcu.externaltools.gnu-tools-for-stm32.11.3.rel1.win32_1.1.0.202305231506/tools/bin/../lib/gcc/arm-none-eabi/11.3.1/../../../../arm-none-eabi/lib/thumb/v7e-m+fp/hard\libc_nano.a(libc_a-stdio.o)
                              C:/ST/STM32CubeIDE_1.13.1/STM32CubeIDE/plugins/com.st.stm32cube.ide.mcu.externaltools.gnu-tools-for-stm32.11.3.rel1.win32_1.1.0.202305231506/tools/bin/../lib/gcc/arm-none-eabi/11.3.1/../../../../arm-none-eabi/lib/thumb/v7e-m+fp/hard\libc_nano.a(libc_a-findfp.o) (__sread)
C:/ST/STM32CubeIDE_1.13.1/STM32CubeIDE/plugins/com.st.stm32cube.ide.mcu.externaltools.gnu-tools-for-stm32.11.3.rel1.win32_1.1.0.202305231506/tools/bin/../lib/gcc/arm-none-eabi/11.3.1/../../../../arm-none-eabi/lib/thumb/v7e-m+fp/hard\libc_nano.a(libc_a-memset.o)
                              C:/ST/STM32CubeIDE_1.13.1/STM32CubeIDE/plugins/com.st.stm32cube.ide.mcu.externaltools.gnu-tools-for-stm32.11.3.rel1.win32_1.1.0.202305231506/tools/bin/../lib/gcc/arm-none-eabi/11.3.1/../../../../arm-none-eabi/lib/thumb/v7e-m+fp/hard/crt0.o (memset)
C:/ST/STM32CubeIDE_1.13.1/STM32CubeIDE/plugins/com.st.stm32cube.ide.mcu.externaltools.gnu-tools-for-stm32.11.3.rel1.win32_1.1.0.202305231506/tools/bin/../lib/gcc/arm-none-eabi/11.3.1/../../../../arm-none-eabi/lib/thumb/v7e-m+fp/hard\libc_nano.a(libc_a-closer.o)
                              C:/ST/STM32CubeIDE_1.13.1/STM32CubeIDE/plugins/com.st.stm32cube.ide.mcu.externaltools.gnu-tools-for-stm32.11.3.rel1.win32_1.1.0.202305231506/tools/bin/../lib/gcc/arm-none-eabi/11.3.1/../../../../arm-none-eabi/lib/thumb/v7e-m+fp/hard\libc_nano.a(libc_a-stdio.o) (_close_r)
C:/ST/STM32CubeIDE_1.13.1/STM32CubeIDE/plugins/com.st.stm32cube.ide.mcu.externaltools.gnu-tools-for-stm32.11.3.rel1.win32_1.1.0.202305231506/tools/bin/../lib/gcc/arm-none-eabi/11.3.1/../../../../arm-none-eabi/lib/thumb/v7e-m+fp/hard\libc_nano.a(libc_a-reent.o)
                              C:/ST/STM32CubeIDE_1.13.1/STM32CubeIDE/plugins/com.st.stm32cube.ide.mcu.externaltools.gnu-tools-for-stm32.11.3.rel1.win32_1.1.0.202305231506/tools/bin/../lib/gcc/arm-none-eabi/11.3.1/../../../../arm-none-eabi/lib/thumb/v7e-m+fp/hard\libc_nano.a(libc_a-closer.o) (errno)
C:/ST/STM32CubeIDE_1.13.1/STM32CubeIDE/plugins/com.st.stm32cube.ide.mcu.externaltools.gnu-tools-for-stm32.11.3.rel1.win32_1.1.0.202305231506/tools/bin/../lib/gcc/arm-none-eabi/11.3.1/../../../../arm-none-eabi/lib/thumb/v7e-m+fp/hard\libc_nano.a(libc_a-impure.o)
                              C:/ST/STM32CubeIDE_1.13.1/STM32CubeIDE/plugins/com.st.stm32cube.ide.mcu.externaltools.gnu-tools-for-stm32.11.3.rel1.win32_1.1.0.202305231506/tools/bin/../lib/gcc/arm-none-eabi/11.3.1/../../../../arm-none-eabi/lib/thumb/v7e-m+fp/hard\libc_nano.a(libc_a-sprintf.o) (_impure_ptr)
[...]
Memory Configuration

Name             Origin             Length             Attributes
RAM              0x0000000020000000 0x0000000000010000 xrw
RAM2             0x0000000010000000 0x0000000000004000 xrw
FLASH            0x0000000008000000 0x0000000000040000 xr
*default*        0x0000000000000000 0xffffffffffffffff

Linker script and memory map

LOAD C:/ST/STM32CubeIDE_1.13.1/STM32CubeIDE/plugins/com.st.stm32cube.ide.mcu.externaltools.gnu-tools-for-stm32.11.3.rel1.win32_1.1.0.202305231506/tools/bin/../lib/gcc/arm-none-eabi/11.3.1/thumb/v7e-m+fp/hard/crti.o
LOAD C:/ST/STM32CubeIDE_1.13.1/STM32CubeIDE/plugins/com.st.stm32cube.ide.mcu.externaltools.gnu-tools-for-stm32.11.3.rel1.win32_1.1.0.202305231506/tools/bin/../lib/gcc/arm-none-eabi/11.3.1/thumb/v7e-m+fp/hard/crtbegin.o
LOAD C:/ST/STM32CubeIDE_1.13.1/STM32CubeIDE/plugins/com.st.stm32cube.ide.mcu.externaltools.gnu-tools-for-stm32.11.3.rel1.win32_1.1.0.202305231506/tools/bin/../lib/gcc/arm-none-eabi/11.3.1/../../../../arm-none-eabi/lib/thumb/v7e-m+fp/hard/crt0.o
LOAD ./Core/Src/HSB_CurrentModule.o
LOAD ./Core/Src/HSB_DebugPrint.o
LOAD ./Core/Src/HSB_VoltageModule.o
LOAD ./Core/Src/adc.o
LOAD ./Core/Src/can.o
LOAD ./Core/Src/dma.o
LOAD ./Core/Src/gpio.o
LOAD ./Core/Src/i2c.o
LOAD ./Core/Src/main.o
LOAD ./Core/Src/stm32l4xx_hal_msp.o
LOAD ./Core/Src/stm32l4xx_it.o
LOAD ./Core/Src/syscalls.o
LOAD ./Core/Src/sysmem.o
LOAD ./Core/Src/system_stm32l4xx.o
LOAD ./Core/Src/tim.o
LOAD ./Core/Src/usart.o
LOAD ./Core/Startup/startup_stm32l432kcux.o
LOAD ./Drivers/STM32L4xx_HAL_Driver/Src/stm32l4xx_hal.o
LOAD ./Drivers/STM32L4xx_HAL_Driver/Src/stm32l4xx_hal_adc.o
LOAD ./Drivers/STM32L4xx_HAL_Driver/Src/stm32l4xx_hal_adc_ex.o
LOAD ./Drivers/STM32L4xx_HAL_Driver/Src/stm32l4xx_hal_can.o
LOAD ./Drivers/STM32L4xx_HAL_Driver/Src/stm32l4xx_hal_cortex.o
LOAD ./Drivers/STM32L4xx_HAL_Driver/Src/stm32l4xx_hal_dma.o
LOAD ./Drivers/STM32L4xx_HAL_Driver/Src/stm32l4xx_hal_dma_ex.o
LOAD ./Drivers/STM32L4xx_HAL_Driver/Src/stm32l4xx_hal_exti.o
LOAD ./Drivers/STM32L4xx_HAL_Driver/Src/stm32l4xx_hal_flash.o
LOAD ./Drivers/STM32L4xx_HAL_Driver/Src/stm32l4xx_hal_flash_ex.o
LOAD ./Drivers/STM32L4xx_HAL_Driver/Src/stm32l4xx_hal_flash_ramfunc.o
LOAD ./Drivers/STM32L4xx_HAL_Driver/Src/stm32l4xx_hal_gpio.o
LOAD ./Drivers/STM32L4xx_HAL_Driver/Src/stm32l4xx_hal_i2c.o
LOAD ./Drivers/STM32L4xx_HAL_Driver/Src/stm32l4xx_hal_i2c_ex.o
LOAD ./Drivers/STM32L4xx_HAL_Driver/Src/stm32l4xx_hal_pwr.o
LOAD ./Drivers/STM32L4xx_HAL_Driver/Src/stm32l4xx_hal_pwr_ex.o
LOAD ./Drivers/STM32L4xx_HAL_Driver/Src/stm32l4xx_hal_rcc.o
LOAD ./Drivers/STM32L4xx_HAL_Driver/Src/stm32l4xx_hal_rcc_ex.o
LOAD ./Drivers/STM32L4xx_HAL_Driver/Src/stm32l4xx_hal_tim.o
LOAD ./Drivers/STM32L4xx_HAL_Driver/Src/stm32l4xx_hal_tim_ex.o
LOAD ./Drivers/STM32L4xx_HAL_Driver/Src/stm32l4xx_hal_uart.o
LOAD ./Drivers/STM32L4xx_HAL_Driver/Src/stm32l4xx_hal_uart_ex.o
START GROUP
LOAD C:/ST/STM32CubeIDE_1.13.1/STM32CubeIDE/plugins/com.st.stm32cube.ide.mcu.externaltools.gnu-tools-for-stm32.11.3.rel1.win32_1.1.0.202305231506/tools/bin/../lib/gcc/arm-none-eabi/11.3.1/../../../../arm-none-eabi/lib/thumb/v7e-m+fp/hard\libstdc++_nano.a
LOAD C:/ST/STM32CubeIDE_1.13.1/STM32CubeIDE/plugins/com.st.stm32cube.ide.mcu.externaltools.gnu-tools-for-stm32.11.3.rel1.win32_1.1.0.202305231506/tools/bin/../lib/gcc/arm-none-eabi/11.3.1/../../../../arm-none-eabi/lib/thumb/v7e-m+fp/hard\libsupc++_nano.a
END GROUP
LOAD C:/ST/STM32CubeIDE_1.13.1/STM32CubeIDE/plugins/com.st.stm32cube.ide.mcu.externaltools.gnu-tools-for-stm32.11.3.rel1.win32_1.1.0.202305231506/tools/bin/../lib/gcc/arm-none-eabi/11.3.1/../../../../arm-none-eabi/lib/thumb/v7e-m+fp/hard\libstdc++_nano.a
LOAD C:/ST/STM32CubeIDE_1.13.1/STM32CubeIDE/plugins/com.st.stm32cube.ide.mcu.externaltools.gnu-tools-for-stm32.11.3.rel1.win32_1.1.0.202305231506/tools/bin/../lib/gcc/arm-none-eabi/11.3.1/../../../../arm-none-eabi/lib/thumb/v7e-m+fp/hard\libm.a
LOAD C:/ST/STM32CubeIDE_1.13.1/STM32CubeIDE/plugins/com.st.stm32cube.ide.mcu.externaltools.gnu-tools-for-stm32.11.3.rel1.win32_1.1.0.202305231506/tools/bin/../lib/gcc/arm-none-eabi/11.3.1/../../../../arm-none-eabi/lib/thumb/v7e-m+fp/hard\libc_nano.a
START GROUP
LOAD C:/ST/STM32CubeIDE_1.13.1/STM32CubeIDE/plugins/com.st.stm32cube.ide.mcu.externaltools.gnu-tools-for-stm32.11.3.rel1.win32_1.1.0.202305231506/tools/bin/../lib/gcc/arm-none-eabi/11.3.1/thumb/v7e-m+fp/hard\libgcc.a
LOAD C:/ST/STM32CubeIDE_1.13.1/STM32CubeIDE/plugins/com.st.stm32cube.ide.mcu.externaltools.gnu-tools-for-stm32.11.3.rel1.win32_1.1.0.202305231506/tools/bin/../lib/gcc/arm-none-eabi/11.3.1/../../../../arm-none-eabi/lib/thumb/v7e-m+fp/hard\libc_nano.a
END GROUP
START GROUP
LOAD C:/ST/STM32CubeIDE_1.13.1/STM32CubeIDE/plugins/com.st.stm32cube.ide.mcu.externaltools.gnu-tools-for-stm32.11.3.rel1.win32_1.1.0.202305231506/tools/bin/../lib/gcc/arm-none-eabi/11.3.1/thumb/v7e-m+fp/hard\libgcc.a
LOAD C:/ST/STM32CubeIDE_1.13.1/STM32CubeIDE/plugins/com.st.stm32cube.ide.mcu.externaltools.gnu-tools-for-stm32.11.3.rel1.win32_1.1.0.202305231506/tools/bin/../lib/gcc/arm-none-eabi/11.3.1/../../../../arm-none-eabi/lib/thumb/v7e-m+fp/hard\libc_nano.a
LOAD C:/ST/STM32CubeIDE_1.13.1/STM32CubeIDE/plugins/com.st.stm32cube.ide.mcu.externaltools.gnu-tools-for-stm32.11.3.rel1.win32_1.1.0.202305231506/tools/bin/../lib/gcc/arm-none-eabi/11.3.1/../../../../arm-none-eabi/lib/thumb/v7e-m+fp/hard\libnosys.a
END GROUP
START GROUP
LOAD C:/ST/STM32CubeIDE_1.13.1/STM32CubeIDE/plugins/com.st.stm32cube.ide.mcu.externaltools.gnu-tools-for-stm32.11.3.rel1.win32_1.1.0.202305231506/tools/bin/../lib/gcc/arm-none-eabi/11.3.1/thumb/v7e-m+fp/hard\libgcc.a
LOAD C:/ST/STM32CubeIDE_1.13.1/STM32CubeIDE/plugins/com.st.stm32cube.ide.mcu.externaltools.gnu-tools-for-stm32.11.3.rel1.win32_1.1.0.202305231506/tools/bin/../lib/gcc/arm-none-eabi/11.3.1/../../../../arm-none-eabi/lib/thumb/v7e-m+fp/hard\libc_nano.a
LOAD C:/ST/STM32CubeIDE_1.13.1/STM32CubeIDE/plugins/com.st.stm32cube.ide.mcu.externaltools.gnu-tools-for-stm32.11.3.rel1.win32_1.1.0.202305231506/tools/bin/../lib/gcc/arm-none-eabi/11.3.1/../../../../arm-none-eabi/lib/thumb/v7e-m+fp/hard\libnosys.a
END GROUP
LOAD C:/ST/STM32CubeIDE_1.13.1/STM32CubeIDE/plugins/com.st.stm32cube.ide.mcu.externaltools.gnu-tools-for-stm32.11.3.rel1.win32_1.1.0.202305231506/tools/bin/../lib/gcc/arm-none-eabi/11.3.1/thumb/v7e-m+fp/hard/crtend.o
LOAD C:/ST/STM32CubeIDE_1.13.1/STM32CubeIDE/plugins/com.st.stm32cube.ide.mcu.externaltools.gnu-tools-for-stm32.11.3.rel1.win32_1.1.0.202305231506/tools/bin/../lib/gcc/arm-none-eabi/11.3.1/thumb/v7e-m+fp/hard/crtn.o
                0x0000000020010000                _estack = (ORIGIN (RAM) + LENGTH (RAM))
                0x0000000000000200                _Min_Heap_Size = 0x200
                0x0000000000000400                _Min_Stack_Size = 0x400

.isr_vector     0x0000000008000000      0x18c
                0x0000000008000000                . = ALIGN (0x4)
 *(.isr_vector)
 .isr_vector    0x0000000008000000      0x18c ./Core/Startup/startup_stm32l432kcux.o
                0x0000000008000000                g_pfnVectors
                0x000000000800018c                . = ALIGN (0x4)

.text           0x000000000800018c     0x6b00
                0x000000000800018c                . = ALIGN (0x4)
 *(.text)
 .text          0x000000000800018c       0x40 C:/ST/STM32CubeIDE_1.13.1/STM32CubeIDE/plugins/com.st.stm32cube.ide.mcu.externaltools.gnu-tools-for-stm32.11.3.rel1.win32_1.1.0.202305231506/tools/bin/../lib/gcc/arm-none-eabi/11.3.1/thumb/v7e-m+fp/hard/crtbegin.o
 .text          0x00000000080001cc       0x30 C:/ST/STM32CubeIDE_1.13.1/STM32CubeIDE/plugins/com.st.stm32cube.ide.mcu.externaltools.gnu-tools-for-stm32.11.3.rel1.win32_1.1.0.202305231506/tools/bin/../lib/gcc/arm-none-eabi/11.3.1/thumb/v7e-m+fp/hard\libgcc.a(_aeabi_uldivmod.o)
                0x00000000080001cc                __aeabi_uldivmod
 .text          0x00000000080001fc      0x2c8 C:/ST/STM32CubeIDE_1.13.1/STM32CubeIDE/plugins/com.st.stm32cube.ide.mcu.externaltools.gnu-tools-for-stm32.11.3.rel1.win32_1.1.0.202305231506/tools/bin/../lib/gcc/arm-none-eabi/11.3.1/thumb/v7e-m+fp/hard\libgcc.a(_udivmoddi4.o)
                0x00000000080001fc                __udivmoddi4
 .text          0x00000000080004c4        0x4 C:/ST/STM32CubeIDE_1.13.1/STM32CubeIDE/plugins/com.st.stm32cube.ide.mcu.externaltools.gnu-tools-for-stm32.11.3.rel1.win32_1.1.0.202305231506/tools/bin/../lib/gcc/arm-none-eabi/11.3.1/thumb/v7e-m+fp/hard\libgcc.a(_dvmd_tls.o)
                0x00000000080004c4                __aeabi_idiv0
                0x00000000080004c4                __aeabi_ldiv0
 *(.text*)
 .text.HAL_ADC_ConvCpltCallback
                0x00000000080004c8       0x20 ./Core/Src/HSB_CurrentModule.o
                0x00000000080004c8                HAL_ADC_ConvCpltCallback
 .text.HSB_ReadCurrentModule
                0x00000000080004e8       0xa4 ./Core/Src/HSB_CurrentModule.o
                0x00000000080004e8                HSB_ReadCurrentModule
 .text.HSB_DebugPrint_Init
                0x000000000800058c       0x20 ./Core/Src/HSB_DebugPrint.o
                0x000000000800058c                HSB_DebugPrint_Init
 .text.HSB_VoltageModule_Init
                0x00000000080005ac       0x24 ./Core/Src/HSB_VoltageModule.o
                0x00000000080005ac                HSB_VoltageModule_Init
 .text.MX_ADC1_Init
                0x00000000080005d0       0xe8 ./Core/Src/adc.o
                0x00000000080005d0                MX_ADC1_Init
 .text.HAL_ADC_MspInit
                0x00000000080006b8      0x138 ./Core/Src/adc.o
                0x00000000080006b8                HAL_ADC_MspInit
 .text.MX_CAN1_Init
                0x00000000080007f0       0x6c ./Core/Src/can.o
                0x00000000080007f0                MX_CAN1_Init
 .text.HAL_CAN_MspInit
                0x000000000800085c       0x88 ./Core/Src/can.o
                0x000000000800085c                HAL_CAN_MspInit
 .text.MX_DMA_Init
                0x00000000080008e4       0x5c ./Core/Src/dma.o
                0x00000000080008e4                MX_DMA_Init
 .text.MX_GPIO_Init
                0x0000000008000940       0xb0 ./Core/Src/gpio.o
                0x0000000008000940                MX_GPIO_Init
 .text.MX_I2C1_Init
                0x00000000080009f0       0x80 ./Core/Src/i2c.o
                0x00000000080009f0                MX_I2C1_Init
 .text.HAL_I2C_MspInit
                0x0000000008000a70      0x188 ./Core/Src/i2c.o
                0x0000000008000a70                HAL_I2C_MspInit
 .text.main     0x0000000008000bf8       0x48 ./Core/Src/main.o
                0x0000000008000bf8                main
 .text.SystemClock_Config
                0x0000000008000c40       0xc4 ./Core/Src/main.o
                0x0000000008000c40                SystemClock_Config
 .text.Error_Handler
                0x0000000008000d04        0xa ./Core/Src/main.o
                0x0000000008000d04                Error_Handler
 *fill*         0x0000000008000d0e        0x2 
 .text.HAL_MspInit
                0x0000000008000d10       0x48 ./Core/Src/stm32l4xx_hal_msp.o
                0x0000000008000d10                HAL_MspInit
 .text.NMI_Handler
                0x0000000008000d58        0x6 ./Core/Src/stm32l4xx_it.o
                0x0000000008000d58                NMI_Handler
 .text.HardFault_Handler
                0x0000000008000d5e        0x6 ./Core/Src/stm32l4xx_it.o
                0x0000000008000d5e                HardFault_Handler
 .text.MemManage_Handler
                0x0000000008000d64        0x6 ./Core/Src/stm32l4xx_it.o
                0x0000000008000d64                MemManage_Handler
 .text.BusFault_Handler
                0x0000000008000d6a        0x6 ./Core/Src/stm32l4xx_it.o
                0x0000000008000d6a                BusFault_Handler
 .text.UsageFault_Handler
                0x0000000008000d70        0x6 ./Core/Src/stm32l4xx_it.o
                0x0000000008000d70                UsageFault_Handler
 .text.SVC_Handler
                0x0000000008000d76        0xe ./Core/Src/stm32l4xx_it.o
                0x0000000008000d76                SVC_Handler
 .text.DebugMon_Handler
                0x0000000008000d84        0xe ./Core/Src/stm32l4xx_it.o
                0x0000000008000d84                DebugMon_Handler
 .text.PendSV_Handler
                0x0000000008000d92        0xe ./Core/Src/stm32l4xx_it.o
                0x0000000008000d92                PendSV_Handler
 .text.SysTick_Handler
                0x0000000008000da0        0xc ./Core/Src/stm32l4xx_it.o
                0x0000000008000da0                SysTick_Handler
 .text.DMA1_Channel1_IRQHandler
                0x0000000008000dac       0x14 ./Core/Src/stm32l4xx_it.o
                0x0000000008000dac                DMA1_Channel1_IRQHandler
 .text.DMA1_Channel6_IRQHandler
                0x0000000008000dc0       0x14 ./Core/Src/stm32l4xx_it.o
                0x0000000008000dc0                DMA1_Channel6_IRQHandler
 .text.DMA1_Channel7_IRQHandler
                0x0000000008000dd4       0x14 ./Core/Src/stm32l4xx_it.o
                0x0000000008000dd4                DMA1_Channel7_IRQHandler
 .text.ADC1_IRQHandler
                0x0000000008000de8       0x14 ./Core/Src/stm32l4xx_it.o
                0x0000000008000de8                ADC1_IRQHandler
 .text.TIM2_IRQHandler
                0x0000000008000dfc       0x14 ./Core/Src/stm32l4xx_it.o
                0x0000000008000dfc                TIM2_IRQHandler
 .text.I2C1_EV_IRQHandler
                0x0000000008000e10       0x14 ./Core/Src/stm32l4xx_it.o
                0x0000000008000e10                I2C1_EV_IRQHandler
 .text.I2C1_ER_IRQHandler
                0x0000000008000e24       0x14 ./Core/Src/stm32l4xx_it.o
                0x0000000008000e24                I2C1_ER_IRQHandler
 .text.SystemInit
                0x0000000008000e38       0x24 ./Core/Src/system_stm32l4xx.o
                0x0000000008000e38                SystemInit
 .text.MX_TIM2_Init
                0x0000000008000e5c       0xec ./Core/Src/tim.o
                0x0000000008000e5c                MX_TIM2_Init
 .text.HAL_TIM_Base_MspInit
                0x0000000008000f48       0x48 ./Core/Src/tim.o
                0x0000000008000f48                HAL_TIM_Base_MspInit
 .text.HAL_TIM_MspPostInit
                0x0000000008000f90       0x68 ./Core/Src/tim.o
                0x0000000008000f90                HAL_TIM_MspPostInit
 .text.MX_USART2_UART_Init
                0x0000000008000ff8       0x60 ./Core/Src/usart.o
                0x0000000008000ff8                MX_USART2_UART_Init
 .text.HAL_UART_MspInit
                0x0000000008001058       0xd4 ./Core/Src/usart.o
                0x0000000008001058                HAL_UART_MspInit
 .text.Reset_Handler
                0x000000000800112c       0x50 ./Core/Startup/startup_stm32l432kcux.o
                0x000000000800112c                Reset_Handler
 .text.Default_Handler
                0x000000000800117c        0x2 ./Core/Startup/startup_stm32l432kcux.o
                0x000000000800117c                RTC_Alarm_IRQHandler
                0x000000000800117c                EXTI2_IRQHandler
                0x000000000800117c                TIM1_CC_IRQHandler
                0x000000000800117c                TSC_IRQHandler
                0x000000000800117c                TAMP_STAMP_IRQHandler
                0x000000000800117c                EXTI3_IRQHandler
                0x000000000800117c                LPTIM2_IRQHandler
                0x000000000800117c                I2C3_ER_IRQHandler
                0x000000000800117c                EXTI0_IRQHandler
                0x000000000800117c                CAN1_RX0_IRQHandler
                0x000000000800117c                FPU_IRQHandler
                0x000000000800117c                TIM1_UP_TIM16_IRQHandler
                0x000000000800117c                SPI1_IRQHandler
                0x000000000800117c                TIM6_DAC_IRQHandler
                0x000000000800117c                DMA2_Channel2_IRQHandler
                0x000000000800117c                DMA1_Channel4_IRQHandler
                0x000000000800117c                CAN1_RX1_IRQHandler
                0x000000000800117c                DMA2_Channel1_IRQHandler
                0x000000000800117c                QUADSPI_IRQHandler
                0x000000000800117c                DMA2_Channel4_IRQHandler
                0x000000000800117c                RCC_IRQHandler
                0x000000000800117c                TIM1_TRG_COM_IRQHandler
                0x000000000800117c                Default_Handler
                0x000000000800117c                DMA2_Channel7_IRQHandler
                0x000000000800117c                EXTI15_10_IRQHandler
                0x000000000800117c                TIM7_IRQHandler
                0x000000000800117c                I2C3_EV_IRQHandler
                0x000000000800117c                USB_IRQHandler
                0x000000000800117c                EXTI9_5_IRQHandler
                0x000000000800117c                RTC_WKUP_IRQHandler
                0x000000000800117c                PVD_PVM_IRQHandler
                0x000000000800117c                CAN1_TX_IRQHandler
                0x000000000800117c                DMA2_Channel5_IRQHandler
                0x000000000800117c                CRS_IRQHandler
                0x000000000800117c                DMA1_Channel5_IRQHandler
                0x000000000800117c                EXTI4_IRQHandler
                0x000000000800117c                RNG_IRQHandler
                0x000000000800117c                DMA1_Channel3_IRQHandler
                0x000000000800117c                COMP_IRQHandler
                0x000000000800117c                WWDG_IRQHandler
                0x000000000800117c                LPUART1_IRQHandler
                0x000000000800117c                DMA2_Channel6_IRQHandler
                0x000000000800117c                EXTI1_IRQHandler
                0x000000000800117c                USART2_IRQHandler
                0x000000000800117c                DMA1_Channel2_IRQHandler
                0x000000000800117c                CAN1_SCE_IRQHandler
                0x000000000800117c                FLASH_IRQHandler
                0x000000000800117c                USART1_IRQHandler
                0x000000000800117c                SPI3_IRQHandler
                0x000000000800117c                SWPMI1_IRQHandler
                0x000000000800117c                LPTIM1_IRQHandler
                0x000000000800117c                SAI1_IRQHandler
                0x000000000800117c                DMA2_Channel3_IRQHandler
                0x000000000800117c                TIM1_BRK_TIM15_IRQHandler
 .text.HAL_Init
                0x000000000800117e       0x30 ./Drivers/STM32L4xx_HAL_Driver/Src/stm32l4xx_hal.o
                0x000000000800117e                HAL_Init
 *fill*         0x00000000080011ae        0x2 
 .text.HAL_InitTick
                0x00000000080011b0       0x78 ./Drivers/STM32L4xx_HAL_Driver/Src/stm32l4xx_hal.o
                0x00000000080011b0                HAL_InitTick
 .text.HAL_IncTick
                0x0000000008001228       0x28 ./Drivers/STM32L4xx_HAL_Driver/Src/stm32l4xx_hal.o
                0x0000000008001228                HAL_IncTick
 .text.HAL_GetTick
                0x0000000008001250       0x18 ./Drivers/STM32L4xx_HAL_Driver/Src/stm32l4xx_hal.o
                0x0000000008001250                HAL_GetTick
 .text.HAL_Delay
                0x0000000008001268       0x48 ./Drivers/STM32L4xx_HAL_Driver/Src/stm32l4xx_hal.o
                0x0000000008001268                HAL_Delay
 .text.LL_ADC_SetCommonClock
                0x00000000080012b0       0x26 ./Drivers/STM32L4xx_HAL_Driver/Src/stm32l4xx_hal_adc.o
 .text.LL_ADC_SetCommonPathInternalCh
                0x00000000080012d6       0x26 ./Drivers/STM32L4xx_HAL_Driver/Src/stm32l4xx_hal_adc.o
 .text.LL_ADC_GetCommonPathInternalCh
                0x00000000080012fc       0x1c ./Drivers/STM32L4xx_HAL_Driver/Src/stm32l4xx_hal_adc.o
 .text.LL_ADC_SetOffset
                0x0000000008001318       0x48 ./Drivers/STM32L4xx_HAL_Driver/Src/stm32l4xx_hal_adc.o
 .text.LL_ADC_GetOffsetChannel
                0x0000000008001360       0x2c ./Drivers/STM32L4xx_HAL_Driver/Src/stm32l4xx_hal_adc.o
 .text.LL_ADC_SetOffsetState
                0x000000000800138c       0x36 ./Drivers/STM32L4xx_HAL_Driver/Src/stm32l4xx_hal_adc.o
 .text.LL_ADC_REG_IsTriggerSourceSWStart
                0x00000000080013c2       0x26 ./Drivers/STM32L4xx_HAL_Driver/Src/stm32l4xx_hal_adc.o
 .text.LL_ADC_REG_SetSequencerRanks
                0x00000000080013e8       0x58 ./Drivers/STM32L4xx_HAL_Driver/Src/stm32l4xx_hal_adc.o
 .text.LL_ADC_INJ_IsTriggerSourceSWStart
                0x0000000008001440       0x26 ./Drivers/STM32L4xx_HAL_Driver/Src/stm32l4xx_hal_adc.o
 .text.LL_ADC_SetChannelSamplingTime
                0x0000000008001466       0x56 ./Drivers/STM32L4xx_HAL_Driver/Src/stm32l4xx_hal_adc.o
 .text.LL_ADC_SetChannelSingleDiff
                0x00000000080014bc       0x48 ./Drivers/STM32L4xx_HAL_Driver/Src/stm32l4xx_hal_adc.o
 .text.LL_ADC_DisableDeepPowerDown
                0x0000000008001504       0x24 ./Drivers/STM32L4xx_HAL_Driver/Src/stm32l4xx_hal_adc.o
 .text.LL_ADC_IsDeepPowerDownEnabled
                0x0000000008001528       0x28 ./Drivers/STM32L4xx_HAL_Driver/Src/stm32l4xx_hal_adc.o
 .text.LL_ADC_EnableInternalRegulator
                0x0000000008001550       0x28 ./Drivers/STM32L4xx_HAL_Driver/Src/stm32l4xx_hal_adc.o
 .text.LL_ADC_IsInternalRegulatorEnabled
                0x0000000008001578       0x28 ./Drivers/STM32L4xx_HAL_Driver/Src/stm32l4xx_hal_adc.o
 .text.LL_ADC_Enable
                0x00000000080015a0       0x28 ./Drivers/STM32L4xx_HAL_Driver/Src/stm32l4xx_hal_adc.o
 .text.LL_ADC_IsEnabled
                0x00000000080015c8       0x26 ./Drivers/STM32L4xx_HAL_Driver/Src/stm32l4xx_hal_adc.o
 .text.LL_ADC_REG_StartConversion
                0x00000000080015ee       0x28 ./Drivers/STM32L4xx_HAL_Driver/Src/stm32l4xx_hal_adc.o
 .text.LL_ADC_REG_IsConversionOngoing
                0x0000000008001616       0x26 ./Drivers/STM32L4xx_HAL_Driver/Src/stm32l4xx_hal_adc.o
 .text.LL_ADC_INJ_IsConversionOngoing
                0x000000000800163c       0x26 ./Drivers/STM32L4xx_HAL_Driver/Src/stm32l4xx_hal_adc.o
 *fill*         0x0000000008001662        0x2 
 .text.HAL_ADC_Init
                0x0000000008001664      0x284 ./Drivers/STM32L4xx_HAL_Driver/Src/stm32l4xx_hal_adc.o
                0x0000000008001664                HAL_ADC_Init
 .text.HAL_ADC_Start_DMA
                0x00000000080018e8      0x108 ./Drivers/STM32L4xx_HAL_Driver/Src/stm32l4xx_hal_adc.o
                0x00000000080018e8                HAL_ADC_Start_DMA
 .text.HAL_ADC_IRQHandler
                0x00000000080019f0      0x368 ./Drivers/STM32L4xx_HAL_Driver/Src/stm32l4xx_hal_adc.o
                0x00000000080019f0                HAL_ADC_IRQHandler
 .text.HAL_ADC_ConvHalfCpltCallback
                0x0000000008001d58       0x14 ./Drivers/STM32L4xx_HAL_Driver/Src/stm32l4xx_hal_adc.o
                0x0000000008001d58                HAL_ADC_ConvHalfCpltCallback
 .text.HAL_ADC_LevelOutOfWindowCallback
                0x0000000008001d6c       0x14 ./Drivers/STM32L4xx_HAL_Driver/Src/stm32l4xx_hal_adc.o
                0x0000000008001d6c                HAL_ADC_LevelOutOfWindowCallback
 .text.HAL_ADC_ErrorCallback
                0x0000000008001d80       0x14 ./Drivers/STM32L4xx_HAL_Driver/Src/stm32l4xx_hal_adc.o
                0x0000000008001d80                HAL_ADC_ErrorCallback
 .text.HAL_ADC_ConfigChannel
                0x0000000008001d94      0x7c4 ./Drivers/STM32L4xx_HAL_Driver/Src/stm32l4xx_hal_adc.o
                0x0000000008001d94                HAL_ADC_ConfigChannel
 .text.ADC_Enable
                0x0000000008002558      0x10c ./Drivers/STM32L4xx_HAL_Driver/Src/stm32l4xx_hal_adc.o
                0x0000000008002558                ADC_Enable
 .text.ADC_DMAConvCplt
                0x0000000008002664       0xd8 ./Drivers/STM32L4xx_HAL_Driver/Src/stm32l4xx_hal_adc.o
                0x0000000008002664                ADC_DMAConvCplt
 .text.ADC_DMAHalfConvCplt
                0x000000000800273c       0x1c ./Drivers/STM32L4xx_HAL_Driver/Src/stm32l4xx_hal_adc.o
                0x000000000800273c                ADC_DMAHalfConvCplt
 .text.ADC_DMAError
                0x0000000008002758       0x34 ./Drivers/STM32L4xx_HAL_Driver/Src/stm32l4xx_hal_adc.o
                0x0000000008002758                ADC_DMAError
 .text.HAL_ADCEx_InjectedConvCpltCallback
                0x000000000800278c       0x14 ./Drivers/STM32L4xx_HAL_Driver/Src/stm32l4xx_hal_adc_ex.o
                0x000000000800278c                HAL_ADCEx_InjectedConvCpltCallback
 .text.HAL_ADCEx_InjectedQueueOverflowCallback
                0x00000000080027a0       0x14 ./Drivers/STM32L4xx_HAL_Driver/Src/stm32l4xx_hal_adc_ex.o
                0x00000000080027a0                HAL_ADCEx_InjectedQueueOverflowCallback
 .text.HAL_ADCEx_LevelOutOfWindow2Callback
                0x00000000080027b4       0x14 ./Drivers/STM32L4xx_HAL_Driver/Src/stm32l4xx_hal_adc_ex.o
                0x00000000080027b4                HAL_ADCEx_LevelOutOfWindow2Callback
 .text.HAL_ADCEx_LevelOutOfWindow3Callback
                0x00000000080027c8       0x14 ./Drivers/STM32L4xx_HAL_Driver/Src/stm32l4xx_hal_adc_ex.o
                0x00000000080027c8                HAL_ADCEx_LevelOutOfWindow3Callback
 .text.HAL_ADCEx_EndOfSamplingCallback
                0x00000000080027dc       0x14 ./Drivers/STM32L4xx_HAL_Driver/Src/stm32l4xx_hal_adc_ex.o
                0x00000000080027dc                HAL_ADCEx_EndOfSamplingCallback
 .text.HAL_CAN_Init
                0x00000000080027f0      0x1f6 ./Drivers/STM32L4xx_HAL_Driver/Src/stm32l4xx_hal_can.o
                0x00000000080027f0                HAL_CAN_Init
 *fill*         0x00000000080029e6        0x2 
 .text.__NVIC_SetPriorityGrouping
                0x00000000080029e8       0x48 ./Drivers/STM32L4xx_HAL_Driver/Src/stm32l4xx_hal_cortex.o
 .text.__NVIC_GetPriorityGrouping
                0x0000000008002a30       0x1c ./Drivers/STM32L4xx_HAL_Driver/Src/stm32l4xx_hal_cortex.o
 .text.__NVIC_EnableIRQ
                0x0000000008002a4c       0x3c ./Drivers/STM32L4xx_HAL_Driver/Src/stm32l4xx_hal_cortex.o
 .text.__NVIC_SetPriority
                0x0000000008002a88       0x54 ./Drivers/STM32L4xx_HAL_Driver/Src/stm32l4xx_hal_cortex.o
 .text.NVIC_EncodePriority
                0x0000000008002adc       0x66 ./Drivers/STM32L4xx_HAL_Driver/Src/stm32l4xx_hal_cortex.o
 *fill*         0x0000000008002b42        0x2 
 .text.SysTick_Config
                0x0000000008002b44       0x44 ./Drivers/STM32L4xx_HAL_Driver/Src/stm32l4xx_hal_cortex.o
 .text.HAL_NVIC_SetPriorityGrouping
                0x0000000008002b88       0x16 ./Drivers/STM32L4xx_HAL_Driver/Src/stm32l4xx_hal_cortex.o
                0x0000000008002b88                HAL_NVIC_SetPriorityGrouping
 .text.HAL_NVIC_SetPriority
                0x0000000008002b9e       0x38 ./Drivers/STM32L4xx_HAL_Driver/Src/stm32l4xx_hal_cortex.o
                0x0000000008002b9e                HAL_NVIC_SetPriority
 .text.HAL_NVIC_EnableIRQ
                0x0000000008002bd6       0x1c ./Drivers/STM32L4xx_HAL_Driver/Src/stm32l4xx_hal_cortex.o
                0x0000000008002bd6                HAL_NVIC_EnableIRQ
 .text.HAL_SYSTICK_Config
                0x0000000008002bf2       0x18 ./Drivers/STM32L4xx_HAL_Driver/Src/stm32l4xx_hal_cortex.o
                0x0000000008002bf2                HAL_SYSTICK_Config
 *fill*         0x0000000008002c0a        0x2 
 .text.HAL_DMA_Init
                0x0000000008002c0c      0x170 ./Drivers/STM32L4xx_HAL_Driver/Src/stm32l4xx_hal_dma.o
                0x0000000008002c0c                HAL_DMA_Init
 .text.HAL_DMA_Start_IT
                0x0000000008002d7c       0xc0 ./Drivers/STM32L4xx_HAL_Driver/Src/stm32l4xx_hal_dma.o
                0x0000000008002d7c                HAL_DMA_Start_IT
 .text.HAL_DMA_Abort_IT
                0x0000000008002e3c       0x82 ./Drivers/STM32L4xx_HAL_Driver/Src/stm32l4xx_hal_dma.o
                0x0000000008002e3c                HAL_DMA_Abort_IT
 .text.HAL_DMA_IRQHandler
                0x0000000008002ebe      0x15e ./Drivers/STM32L4xx_HAL_Driver/Src/stm32l4xx_hal_dma.o
                0x0000000008002ebe                HAL_DMA_IRQHandler
 .text.HAL_DMA_GetState
                0x000000000800301c       0x1c ./Drivers/STM32L4xx_HAL_Driver/Src/stm32l4xx_hal_dma.o
                0x000000000800301c                HAL_DMA_GetState
 .text.DMA_SetConfig
                0x0000000008003038       0x60 ./Drivers/STM32L4xx_HAL_Driver/Src/stm32l4xx_hal_dma.o
 .text.HAL_GPIO_Init
                0x0000000008003098      0x2d4 ./Drivers/STM32L4xx_HAL_Driver/Src/stm32l4xx_hal_gpio.o
                0x0000000008003098                HAL_GPIO_Init
 .text.HAL_GPIO_WritePin
                0x000000000800336c       0x30 ./Drivers/STM32L4xx_HAL_Driver/Src/stm32l4xx_hal_gpio.o
                0x000000000800336c                HAL_GPIO_WritePin
 .text.HAL_I2C_Init
                0x000000000800339c      0x136 ./Drivers/STM32L4xx_HAL_Driver/Src/stm32l4xx_hal_i2c.o
                0x000000000800339c                HAL_I2C_Init
 .text.HAL_I2C_EV_IRQHandler
                0x00000000080034d2       0x34 ./Drivers/STM32L4xx_HAL_Driver/Src/stm32l4xx_hal_i2c.o
                0x00000000080034d2                HAL_I2C_EV_IRQHandler
 .text.HAL_I2C_ER_IRQHandler
                0x0000000008003506       0xb6 ./Drivers/STM32L4xx_HAL_Driver/Src/stm32l4xx_hal_i2c.o
                0x0000000008003506                HAL_I2C_ER_IRQHandler
 .text.HAL_I2C_SlaveTxCpltCallback
                0x00000000080035bc       0x14 ./Drivers/STM32L4xx_HAL_Driver/Src/stm32l4xx_hal_i2c.o
                0x00000000080035bc                HAL_I2C_SlaveTxCpltCallback
 .text.HAL_I2C_SlaveRxCpltCallback
                0x00000000080035d0       0x14 ./Drivers/STM32L4xx_HAL_Driver/Src/stm32l4xx_hal_i2c.o
                0x00000000080035d0                HAL_I2C_SlaveRxCpltCallback
 .text.HAL_I2C_AddrCallback
                0x00000000080035e4       0x1c ./Drivers/STM32L4xx_HAL_Driver/Src/stm32l4xx_hal_i2c.o
                0x00000000080035e4                HAL_I2C_AddrCallback
 .text.HAL_I2C_ListenCpltCallback
                0x0000000008003600       0x14 ./Drivers/STM32L4xx_HAL_Driver/Src/stm32l4xx_hal_i2c.o
                0x0000000008003600                HAL_I2C_ListenCpltCallback
 .text.HAL_I2C_ErrorCallback
                0x0000000008003614       0x14 ./Drivers/STM32L4xx_HAL_Driver/Src/stm32l4xx_hal_i2c.o
                0x0000000008003614                HAL_I2C_ErrorCallback
 .text.HAL_I2C_AbortCpltCallback
                0x0000000008003628       0x14 ./Drivers/STM32L4xx_HAL_Driver/Src/stm32l4xx_hal_i2c.o
                0x0000000008003628                HAL_I2C_AbortCpltCallback
 .text.I2C_Slave_ISR_IT
                0x000000000800363c      0x1f0 ./Drivers/STM32L4xx_HAL_Driver/Src/stm32l4xx_hal_i2c.o
 .text.I2C_ITAddrCplt
                0x000000000800382c      0x108 ./Drivers/STM32L4xx_HAL_Driver/Src/stm32l4xx_hal_i2c.o
 .text.I2C_ITSlaveSeqCplt
                0x0000000008003934       0xb8 ./Drivers/STM32L4xx_HAL_Driver/Src/stm32l4xx_hal_i2c.o
 .text.I2C_ITSlaveCplt
                0x00000000080039ec      0x224 ./Drivers/STM32L4xx_HAL_Driver/Src/stm32l4xx_hal_i2c.o
 .text.I2C_ITListenCplt
                0x0000000008003c10       0xa8 ./Drivers/STM32L4xx_HAL_Driver/Src/stm32l4xx_hal_i2c.o
 .text.I2C_ITError
                0x0000000008003cb8      0x1e0 ./Drivers/STM32L4xx_HAL_Driver/Src/stm32l4xx_hal_i2c.o
 .text.I2C_TreatErrorCallback
                0x0000000008003e98       0x4e ./Drivers/STM32L4xx_HAL_Driver/Src/stm32l4xx_hal_i2c.o
 .text.I2C_Flush_TXDR
                0x0000000008003ee6       0x48 ./Drivers/STM32L4xx_HAL_Driver/Src/stm32l4xx_hal_i2c.o
 .text.I2C_DMAAbort
                0x0000000008003f2e       0x3c ./Drivers/STM32L4xx_HAL_Driver/Src/stm32l4xx_hal_i2c.o
 .text.I2C_Disable_IRQ
                0x0000000008003f6a       0xbc ./Drivers/STM32L4xx_HAL_Driver/Src/stm32l4xx_hal_i2c.o
 .text.HAL_I2CEx_ConfigAnalogFilter
                0x0000000008004026       0x96 ./Drivers/STM32L4xx_HAL_Driver/Src/stm32l4xx_hal_i2c_ex.o
                0x0000000008004026                HAL_I2CEx_ConfigAnalogFilter
 .text.HAL_I2CEx_ConfigDigitalFilter
                0x00000000080040bc       0x98 ./Drivers/STM32L4xx_HAL_Driver/Src/stm32l4xx_hal_i2c_ex.o
                0x00000000080040bc                HAL_I2CEx_ConfigDigitalFilter
 .text.HAL_PWR_EnableBkUpAccess
                0x0000000008004154       0x20 ./Drivers/STM32L4xx_HAL_Driver/Src/stm32l4xx_hal_pwr.o
                0x0000000008004154                HAL_PWR_EnableBkUpAccess
 .text.HAL_PWREx_GetVoltageRange
                0x0000000008004174       0x1c ./Drivers/STM32L4xx_HAL_Driver/Src/stm32l4xx_hal_pwr_ex.o
                0x0000000008004174                HAL_PWREx_GetVoltageRange
 .text.HAL_PWREx_ControlVoltageScaling
                0x0000000008004190       0xac ./Drivers/STM32L4xx_HAL_Driver/Src/stm32l4xx_hal_pwr_ex.o
                0x0000000008004190                HAL_PWREx_ControlVoltageScaling
 .text.HAL_RCC_OscConfig
                0x000000000800423c      0x828 ./Drivers/STM32L4xx_HAL_Driver/Src/stm32l4xx_hal_rcc.o
                0x000000000800423c                HAL_RCC_OscConfig
 .text.HAL_RCC_ClockConfig
                0x0000000008004a64      0x200 ./Drivers/STM32L4xx_HAL_Driver/Src/stm32l4xx_hal_rcc.o
                0x0000000008004a64                HAL_RCC_ClockConfig
 .text.HAL_RCC_GetSysClockFreq
                0x0000000008004c64      0x118 ./Drivers/STM32L4xx_HAL_Driver/Src/stm32l4xx_hal_rcc.o
                0x0000000008004c64                HAL_RCC_GetSysClockFreq
 .text.HAL_RCC_GetHCLKFreq
                0x0000000008004d7c       0x18 ./Drivers/STM32L4xx_HAL_Driver/Src/stm32l4xx_hal_rcc.o
                0x0000000008004d7c                HAL_RCC_GetHCLKFreq
 .text.HAL_RCC_GetPCLK1Freq
                0x0000000008004d94       0x2c ./Drivers/STM32L4xx_HAL_Driver/Src/stm32l4xx_hal_rcc.o
                0x0000000008004d94                HAL_RCC_GetPCLK1Freq
 .text.HAL_RCC_GetPCLK2Freq
                0x0000000008004dc0       0x2c ./Drivers/STM32L4xx_HAL_Driver/Src/stm32l4xx_hal_rcc.o
                0x0000000008004dc0                HAL_RCC_GetPCLK2Freq
 .text.RCC_SetFlashLatencyFromMSIRange
                0x0000000008004dec       0xc0 ./Drivers/STM32L4xx_HAL_Driver/Src/stm32l4xx_hal_rcc.o
 .text.HAL_RCCEx_PeriphCLKConfig
                0x0000000008004eac      0x3ec ./Drivers/STM32L4xx_HAL_Driver/Src/stm32l4xx_hal_rcc_ex.o
                0x0000000008004eac                HAL_RCCEx_PeriphCLKConfig
 .text.HAL_RCCEx_EnableMSIPLLMode
                0x0000000008005298       0x20 ./Drivers/STM32L4xx_HAL_Driver/Src/stm32l4xx_hal_rcc_ex.o
                0x0000000008005298                HAL_RCCEx_EnableMSIPLLMode
 .text.RCCEx_PLLSAI1_Config
                0x00000000080052b8      0x1e4 ./Drivers/STM32L4xx_HAL_Driver/Src/stm32l4xx_hal_rcc_ex.o
 .text.HAL_TIM_Base_Init
                0x000000000800549c       0xae ./Drivers/STM32L4xx_HAL_Driver/Src/stm32l4xx_hal_tim.o
                0x000000000800549c                HAL_TIM_Base_Init
 .text.HAL_TIM_OC_Init
                0x000000000800554a       0xae ./Drivers/STM32L4xx_HAL_Driver/Src/stm32l4xx_hal_tim.o
                0x000000000800554a                HAL_TIM_OC_Init
 .text.HAL_TIM_OC_MspInit
                0x00000000080055f8       0x14 ./Drivers/STM32L4xx_HAL_Driver/Src/stm32l4xx_hal_tim.o
                0x00000000080055f8                HAL_TIM_OC_MspInit
 .text.HAL_TIM_IRQHandler
                0x000000000800560c      0x204 ./Drivers/STM32L4xx_HAL_Driver/Src/stm32l4xx_hal_tim.o
                0x000000000800560c                HAL_TIM_IRQHandler
 .text.HAL_TIM_OC_ConfigChannel
                0x0000000008005810       0xf4 ./Drivers/STM32L4xx_HAL_Driver/Src/stm32l4xx_hal_tim.o
                0x0000000008005810                HAL_TIM_OC_ConfigChannel
 .text.HAL_TIM_ConfigClockSource
                0x0000000008005904      0x192 ./Drivers/STM32L4xx_HAL_Driver/Src/stm32l4xx_hal_tim.o
                0x0000000008005904                HAL_TIM_ConfigClockSource
 .text.HAL_TIM_PeriodElapsedCallback
                0x0000000008005a96       0x14 ./Drivers/STM32L4xx_HAL_Driver/Src/stm32l4xx_hal_tim.o
                0x0000000008005a96                HAL_TIM_PeriodElapsedCallback
 .text.HAL_TIM_OC_DelayElapsedCallback
                0x0000000008005aaa       0x14 ./Drivers/STM32L4xx_HAL_Driver/Src/stm32l4xx_hal_tim.o
                0x0000000008005aaa                HAL_TIM_OC_DelayElapsedCallback
 .text.HAL_TIM_IC_CaptureCallback
                0x0000000008005abe       0x14 ./Drivers/STM32L4xx_HAL_Driver/Src/stm32l4xx_hal_tim.o
                0x0000000008005abe                HAL_TIM_IC_CaptureCallback
 .text.HAL_TIM_PWM_PulseFinishedCallback
                0x0000000008005ad2       0x14 ./Drivers/STM32L4xx_HAL_Driver/Src/stm32l4xx_hal_tim.o
                0x0000000008005ad2                HAL_TIM_PWM_PulseFinishedCallback
 .text.HAL_TIM_TriggerCallback
                0x0000000008005ae6       0x14 ./Drivers/STM32L4xx_HAL_Driver/Src/stm32l4xx_hal_tim.o
                0x0000000008005ae6                HAL_TIM_TriggerCallback
 *fill*         0x0000000008005afa        0x2 
 .text.TIM_Base_SetConfig
                0x0000000008005afc       0xc8 ./Drivers/STM32L4xx_HAL_Driver/Src/stm32l4xx_hal_tim.o
                0x0000000008005afc                TIM_Base_SetConfig
 .text.TIM_OC1_SetConfig
                0x0000000008005bc4       0xf8 ./Drivers/STM32L4xx_HAL_Driver/Src/stm32l4xx_hal_tim.o
 .text.TIM_OC2_SetConfig
                0x0000000008005cbc       0xf4 ./Drivers/STM32L4xx_HAL_Driver/Src/stm32l4xx_hal_tim.o
                0x0000000008005cbc                TIM_OC2_SetConfig
 .text.TIM_OC3_SetConfig
                0x0000000008005db0       0xf0 ./Drivers/STM32L4xx_HAL_Driver/Src/stm32l4xx_hal_tim.o
 .text.TIM_OC4_SetConfig
                0x0000000008005ea0       0xbc ./Drivers/STM32L4xx_HAL_Driver/Src/stm32l4xx_hal_tim.o
 .text.TIM_OC5_SetConfig
                0x0000000008005f5c       0xb0 ./Drivers/STM32L4xx_HAL_Driver/Src/stm32l4xx_hal_tim.o
 .text.TIM_OC6_SetConfig
                0x000000000800600c       0xb4 ./Drivers/STM32L4xx_HAL_Driver/Src/stm32l4xx_hal_tim.o
 .text.TIM_TI1_ConfigInputStage
                0x00000000080060c0       0x5e ./Drivers/STM32L4xx_HAL_Driver/Src/stm32l4xx_hal_tim.o
 .text.TIM_TI2_ConfigInputStage
                0x000000000800611e       0x60 ./Drivers/STM32L4xx_HAL_Driver/Src/stm32l4xx_hal_tim.o
 .text.TIM_ITRx_SetConfig
                0x000000000800617e       0x36 ./Drivers/STM32L4xx_HAL_Driver/Src/stm32l4xx_hal_tim.o
 .text.TIM_ETR_SetConfig
                0x00000000080061b4       0x40 ./Drivers/STM32L4xx_HAL_Driver/Src/stm32l4xx_hal_tim.o
                0x00000000080061b4                TIM_ETR_SetConfig
 .text.HAL_TIMEx_MasterConfigSynchronization
                0x00000000080061f4       0xcc ./Drivers/STM32L4xx_HAL_Driver/Src/stm32l4xx_hal_tim_ex.o
                0x00000000080061f4                HAL_TIMEx_MasterConfigSynchronization
 .text.HAL_TIMEx_CommutCallback
                0x00000000080062c0       0x14 ./Drivers/STM32L4xx_HAL_Driver/Src/stm32l4xx_hal_tim_ex.o
                0x00000000080062c0                HAL_TIMEx_CommutCallback
 .text.HAL_TIMEx_BreakCallback
                0x00000000080062d4       0x14 ./Drivers/STM32L4xx_HAL_Driver/Src/stm32l4xx_hal_tim_ex.o
                0x00000000080062d4                HAL_TIMEx_BreakCallback
 .text.HAL_TIMEx_Break2Callback
                0x00000000080062e8       0x14 ./Drivers/STM32L4xx_HAL_Driver/Src/stm32l4xx_hal_tim_ex.o
                0x00000000080062e8                HAL_TIMEx_Break2Callback
 .text.HAL_UART_Init
                0x00000000080062fc       0x9c ./Drivers/STM32L4xx_HAL_Driver/Src/stm32l4xx_hal_uart.o
                0x00000000080062fc                HAL_UART_Init
 .text.UART_SetConfig
                0x0000000008006398      0x458 ./Drivers/STM32L4xx_HAL_Driver/Src/stm32l4xx_hal_uart.o
                0x0000000008006398                UART_SetConfig
 .text.UART_AdvFeatureConfig
                0x00000000080067f0      0x144 ./Drivers/STM32L4xx_HAL_Driver/Src/stm32l4xx_hal_uart.o
                0x00000000080067f0                UART_AdvFeatureConfig
 .text.UART_CheckIdleState
                0x0000000008006934      0x150 ./Drivers/STM32L4xx_HAL_Driver/Src/stm32l4xx_hal_uart.o
                0x0000000008006934                UART_CheckIdleState
 .text.UART_WaitOnFlagUntilTimeout
                0x0000000008006a84       0xce ./Drivers/STM32L4xx_HAL_Driver/Src/stm32l4xx_hal_uart.o
                0x0000000008006a84                UART_WaitOnFlagUntilTimeout
 .text.UART_EndRxTransfer
                0x0000000008006b52       0xc8 ./Drivers/STM32L4xx_HAL_Driver/Src/stm32l4xx_hal_uart.o
 .text.memset   0x0000000008006c1a       0x10 C:/ST/STM32CubeIDE_1.13.1/STM32CubeIDE/plugins/com.st.stm32cube.ide.mcu.externaltools.gnu-tools-for-stm32.11.3.rel1.win32_1.1.0.202305231506/tools/bin/../lib/gcc/arm-none-eabi/11.3.1/../../../../arm-none-eabi/lib/thumb/v7e-m+fp/hard\libc_nano.a(libc_a-memset.o)
                0x0000000008006c1a                memset
 *fill*         0x0000000008006c2a        0x2 
 .text.__libc_init_array
                0x0000000008006c2c       0x48 C:/ST/STM32CubeIDE_1.13.1/STM32CubeIDE/plugins/com.st.stm32cube.ide.mcu.externaltools.gnu-tools-for-stm32.11.3.rel1.win32_1.1.0.202305231506/tools/bin/../lib/gcc/arm-none-eabi/11.3.1/../../../../arm-none-eabi/lib/thumb/v7e-m+fp/hard\libc_nano.a(libc_a-init.o)
                0x0000000008006c2c                __libc_init_array
 *(.glue_7)
 .glue_7        0x0000000008006c74        0x0 linker stubs
 *(.glue_7t)
 .glue_7t       0x0000000008006c74        0x0 linker stubs
 *(.eh_frame)
 .eh_frame      0x0000000008006c74        0x0 C:/ST/STM32CubeIDE_1.13.1/STM32CubeIDE/plugins/com.st.stm32cube.ide.mcu.externaltools.gnu-tools-for-stm32.11.3.rel1.win32_1.1.0.202305231506/tools/bin/../lib/gcc/arm-none-eabi/11.3.1/thumb/v7e-m+fp/hard/crtbegin.o
 *(.init)
 .init          0x0000000008006c74        0x4 C:/ST/STM32CubeIDE_1.13.1/STM32CubeIDE/plugins/com.st.stm32cube.ide.mcu.externaltools.gnu-tools-for-stm32.11.3.rel1.win32_1.1.0.202305231506/tools/bin/../lib/gcc/arm-none-eabi/11.3.1/thumb/v7e-m+fp/hard/crti.o
                0x0000000008006c74                _init
 .init          0x0000000008006c78        0x8 C:/ST/STM32CubeIDE_1.13.1/STM32CubeIDE/plugins/com.st.stm32cube.ide.mcu.externaltools.gnu-tools-for-stm32.11.3.rel1.win32_1.1.0.202305231506/tools/bin/../lib/gcc/arm-none-eabi/11.3.1/thumb/v7e-m+fp/hard/crtn.o
 *(.fini)
 .fini          0x0000000008006c80        0x4 C:/ST/STM32CubeIDE_1.13.1/STM32CubeIDE/plugins/com.st.stm32cube.ide.mcu.externaltools.gnu-tools-for-stm32.11.3.rel1.win32_1.1.0.202305231506/tools/bin/../lib/gcc/arm-none-eabi/11.3.1/thumb/v7e-m+fp/hard/crti.o
                0x0000000008006c80                _fini
 .fini          0x0000000008006c84        0x8 C:/ST/STM32CubeIDE_1.13.1/STM32CubeIDE/plugins/com.st.stm32cube.ide.mcu.externaltools.gnu-tools-for-stm32.11.3.rel1.win32_1.1.0.202305231506/tools/bin/../lib/gcc/arm-none-eabi/11.3.1/thumb/v7e-m+fp/hard/crtn.o
                0x0000000008006c8c                . = ALIGN (0x4)
                0x0000000008006c8c                _etext = .

.vfp11_veneer   0x0000000008006c8c        0x0
 .vfp11_veneer  0x0000000008006c8c        0x0 linker stubs

.v4_bx          0x0000000008006c8c        0x0
 .v4_bx         0x0000000008006c8c        0x0 linker stubs

.iplt           0x0000000008006c8c        0x0
 .iplt          0x0000000008006c8c        0x0 C:/ST/STM32CubeIDE_1.13.1/STM32CubeIDE/plugins/com.st.stm32cube.ide.mcu.externaltools.gnu-tools-for-stm32.11.3.rel1.win32_1.1.0.202305231506/tools/bin/../lib/gcc/arm-none-eabi/11.3.1/thumb/v7e-m+fp/hard/crtbegin.o

.rodata         0x0000000008006c8c       0x48
                0x0000000008006c8c                . = ALIGN (0x4)
 *(.rodata)
 *(.rodata*)
 .rodata.AHBPrescTable
                0x0000000008006c8c       0x10 ./Core/Src/system_stm32l4xx.o
                0x0000000008006c8c                AHBPrescTable
 .rodata.APBPrescTable
                0x0000000008006c9c        0x8 ./Core/Src/system_stm32l4xx.o
                0x0000000008006c9c                APBPrescTable
 .rodata.MSIRangeTable
                0x0000000008006ca4       0x30 ./Core/Src/system_stm32l4xx.o
                0x0000000008006ca4                MSIRangeTable
                0x0000000008006cd4                . = ALIGN (0x4)

.ARM.extab      0x0000000008006cd4        0x0
                0x0000000008006cd4                . = ALIGN (0x4)
 *(.ARM.extab* .gnu.linkonce.armextab.*)
                0x0000000008006cd4                . = ALIGN (0x4)

.ARM            0x0000000008006cd4        0x8
                0x0000000008006cd4                . = ALIGN (0x4)
                0x0000000008006cd4                __exidx_start = .
 *(.ARM.exidx*)
 .ARM.exidx     0x0000000008006cd4        0x8 C:/ST/STM32CubeIDE_1.13.1/STM32CubeIDE/plugins/com.st.stm32cube.ide.mcu.externaltools.gnu-tools-for-stm32.11.3.rel1.win32_1.1.0.202305231506/tools/bin/../lib/gcc/arm-none-eabi/11.3.1/thumb/v7e-m+fp/hard\libgcc.a(_udivmoddi4.o)
                0x0000000008006cdc                __exidx_end = .
                0x0000000008006cdc                . = ALIGN (0x4)

.rel.dyn        0x0000000008006cdc        0x0
 .rel.iplt      0x0000000008006cdc        0x0 C:/ST/STM32CubeIDE_1.13.1/STM32CubeIDE/plugins/com.st.stm32cube.ide.mcu.externaltools.gnu-tools-for-stm32.11.3.rel1.win32_1.1.0.202305231506/tools/bin/../lib/gcc/arm-none-eabi/11.3.1/thumb/v7e-m+fp/hard/crtbegin.o

.preinit_array  0x0000000008006cdc        0x0
                0x0000000008006cdc                . = ALIGN (0x4)
                0x0000000008006cdc                PROVIDE (__preinit_array_start = .)
 *(.preinit_array*)
                0x0000000008006cdc                PROVIDE (__preinit_array_end = .)
                0x0000000008006cdc                . = ALIGN (0x4)

.init_array     0x0000000008006cdc        0x4
                0x0000000008006cdc                . = ALIGN (0x4)
                0x0000000008006cdc                PROVIDE (__init_array_start = .)
 *(SORT_BY_NAME(.init_array.*))
 *(.init_array*)
 .init_array    0x0000000008006cdc        0x4 C:/ST/STM32CubeIDE_1.13.1/STM32CubeIDE/plugins/com.st.stm32cube.ide.mcu.externaltools.gnu-tools-for-stm32.11.3.rel1.win32_1.1.0.202305231506/tools/bin/../lib/gcc/arm-none-eabi/11.3.1/thumb/v7e-m+fp/hard/crtbegin.o
                0x0000000008006ce0                PROVIDE (__init_array_end = .)
                0x0000000008006ce0                . = ALIGN (0x4)

.fini_array     0x0000000008006ce0        0x4
                0x0000000008006ce0                . = ALIGN (0x4)
                [!provide]                        PROVIDE (__fini_array_start = .)
 *(SORT_BY_NAME(.fini_array.*))
 *(.fini_array*)
 .fini_array    0x0000000008006ce0        0x4 C:/ST/STM32CubeIDE_1.13.1/STM32CubeIDE/plugins/com.st.stm32cube.ide.mcu.externaltools.gnu-tools-for-stm32.11.3.rel1.win32_1.1.0.202305231506/tools/bin/../lib/gcc/arm-none-eabi/11.3.1/thumb/v7e-m+fp/hard/crtbegin.o
                [!provide]                        PROVIDE (__fini_array_end = .)
                0x0000000008006ce4                . = ALIGN (0x4)
                0x0000000008006ce4                _sidata = LOADADDR (.data)

.data           0x0000000020000000       0x10 load address 0x0000000008006ce4
                0x0000000020000000                . = ALIGN (0x4)
                0x0000000020000000                _sdata = .
 *(.data)
 *(.data*)
 .data.HSB_DebugPrintOn
                0x0000000020000000        0x1 ./Core/Src/HSB_DebugPrint.o
                0x0000000020000000                HSB_DebugPrintOn
 .data.i2cAddress
                0x0000000020000001        0x1 ./Core/Src/HSB_VoltageModule.o
                0x0000000020000001                i2cAddress
 *fill*         0x0000000020000002        0x2 
 .data.SystemCoreClock
                0x0000000020000004        0x4 ./Core/Src/system_stm32l4xx.o
                0x0000000020000004                SystemCoreClock
 .data.uwTickPrio
                0x0000000020000008        0x4 ./Drivers/STM32L4xx_HAL_Driver/Src/stm32l4xx_hal.o
                0x0000000020000008                uwTickPrio
 .data.uwTickFreq
                0x000000002000000c        0x1 ./Drivers/STM32L4xx_HAL_Driver/Src/stm32l4xx_hal.o
                0x000000002000000c                uwTickFreq
 *(.RamFunc)
 *(.RamFunc*)
                0x0000000020000010                . = ALIGN (0x4)
 *fill*         0x000000002000000d        0x3 
                0x0000000020000010                _edata = .

.igot.plt       0x0000000020000010        0x0 load address 0x0000000008006cf4
 .igot.plt      0x0000000020000010        0x0 C:/ST/STM32CubeIDE_1.13.1/STM32CubeIDE/plugins/com.st.stm32cube.ide.mcu.externaltools.gnu-tools-for-stm32.11.3.rel1.win32_1.1.0.202305231506/tools/bin/../lib/gcc/arm-none-eabi/11.3.1/thumb/v7e-m+fp/hard/crtbegin.o
                0x0000000020000010                . = ALIGN (0x4)

.bss            0x0000000020000010      0x2bc load address 0x0000000008006cf4
                0x0000000020000010                _sbss = .
                0x0000000020000010                __bss_start__ = _sbss
 *(.bss)
 .bss           0x0000000020000010       0x1c C:/ST/STM32CubeIDE_1.13.1/STM32CubeIDE/plugins/com.st.stm32cube.ide.mcu.externaltools.gnu-tools-for-stm32.11.3.rel1.win32_1.1.0.202305231506/tools/bin/../lib/gcc/arm-none-eabi/11.3.1/thumb/v7e-m+fp/hard/crtbegin.o
 *(.bss*)
 .bss.current   0x000000002000002c        0x2 ./Core/Src/HSB_CurrentModule.o
                0x000000002000002c                current
 *fill*         0x000000002000002e        0x2 
 .bss.rawValues
                0x0000000020000030        0x4 ./Core/Src/HSB_CurrentModule.o
                0x0000000020000030                rawValues
 .bss.raw       0x0000000020000034        0x2 ./Core/Src/HSB_CurrentModule.o
                0x0000000020000034                raw
 .bss.voltage   0x0000000020000036        0x2 ./Core/Src/HSB_CurrentModule.o
                0x0000000020000036                voltage
 .bss.convCompleted
                0x0000000020000038        0x1 ./Core/Src/HSB_CurrentModule.o
                0x0000000020000038                convCompleted
 *fill*         0x0000000020000039        0x3 
 .bss.hadc1     0x000000002000003c       0x64 ./Core/Src/adc.o
                0x000000002000003c                hadc1
 .bss.hdma_adc1
                0x00000000200000a0       0x48 ./Core/Src/adc.o
                0x00000000200000a0                hdma_adc1
 .bss.hcan1     0x00000000200000e8       0x28 ./Core/Src/can.o
                0x00000000200000e8                hcan1
 .bss.hi2c1     0x0000000020000110       0x54 ./Core/Src/i2c.o
                0x0000000020000110                hi2c1
 .bss.hdma_i2c1_rx
                0x0000000020000164       0x48 ./Core/Src/i2c.o
                0x0000000020000164                hdma_i2c1_rx
 .bss.hdma_i2c1_tx
                0x00000000200001ac       0x48 ./Core/Src/i2c.o
                0x00000000200001ac                hdma_i2c1_tx
 .bss.htim2     0x00000000200001f4       0x4c ./Core/Src/tim.o
                0x00000000200001f4                htim2
 .bss.huart2    0x0000000020000240       0x88 ./Core/Src/usart.o
                0x0000000020000240                huart2
 .bss.uwTick    0x00000000200002c8        0x4 ./Drivers/STM32L4xx_HAL_Driver/Src/stm32l4xx_hal.o
                0x00000000200002c8                uwTick
 *(COMMON)
                0x00000000200002cc                . = ALIGN (0x4)
                0x00000000200002cc                _ebss = .
                0x00000000200002cc                __bss_end__ = _ebss

._user_heap_stack
                0x00000000200002cc      0x604 load address 0x0000000008006cf4
                0x00000000200002d0                . = ALIGN (0x8)
 *fill*         0x00000000200002cc        0x4 
                [!provide]                        PROVIDE (end = .)
                0x00000000200002d0                PROVIDE (_end = .)
                0x00000000200004d0                . = (. + _Min_Heap_Size)
 *fill*         0x00000000200002d0      0x200 
                0x00000000200008d0                . = (. + _Min_Stack_Size)
 *fill*         0x00000000200004d0      0x400 
                0x00000000200008d0                . = ALIGN (0x8)

/DISCARD/
 libc.a(*)
 libm.a(*)
 libgcc.a(*)

.ARM.attributes
                0x0000000000000000       0x30
 *(.ARM.attributes)
 .ARM.attributes
                0x0000000000000000       0x1e C:/ST/STM32CubeIDE_1.13.1/STM32CubeIDE/plugins/com.st.stm32cube.ide.mcu.externaltools.gnu-tools-for-stm32.11.3.rel1.win32_1.1.0.202305231506/tools/bin/../lib/gcc/arm-none-eabi/11.3.1/thumb/v7e-m+fp/hard/crti.o
 .ARM.attributes
                0x000000000000001e       0x34 C:/ST/STM32CubeIDE_1.13.1/STM32CubeIDE/plugins/com.st.stm32cube.ide.mcu.externaltools.gnu-tools-for-stm32.11.3.rel1.win32_1.1.0.202305231506/tools/bin/../lib/gcc/arm-none-eabi/11.3.1/thumb/v7e-m+fp/hard/crtbegin.o
 .ARM.attributes
                0x0000000000000052       0x34 ./Core/Src/HSB_CurrentModule.o
 .ARM.attributes
                0x0000000000000086       0x34 ./Core/Src/HSB_DebugPrint.o
 .ARM.attributes
                0x00000000000000ba       0x34 ./Core/Src/HSB_VoltageModule.o
 .ARM.attributes
                0x00000000000000ee       0x34 ./Core/Src/adc.o
 .ARM.attributes
                0x0000000000000122       0x34 ./Core/Src/can.o
 .ARM.attributes
                0x0000000000000156       0x34 ./Core/Src/dma.o
 .ARM.attributes
                0x000000000000018a       0x34 ./Core/Src/gpio.o
 .ARM.attributes
                0x00000000000001be       0x34 ./Core/Src/i2c.o
 .ARM.attributes
                0x00000000000001f2       0x34 ./Core/Src/main.o
 .ARM.attributes
                0x0000000000000226       0x34 ./Core/Src/stm32l4xx_hal_msp.o
 .ARM.attributes
                0x000000000000025a       0x34 ./Core/Src/stm32l4xx_it.o
 .ARM.attributes
                0x000000000000028e       0x34 ./Core/Src/system_stm32l4xx.o
 .ARM.attributes
                0x00000000000002c2       0x34 ./Core/Src/tim.o
 .ARM.attributes
                0x00000000000002f6       0x34 ./Core/Src/usart.o
 .ARM.attributes
                0x000000000000032a       0x21 ./Core/Startup/startup_stm32l432kcux.o
 .ARM.attributes
                0x000000000000034b       0x34 ./Drivers/STM32L4xx_HAL_Driver/Src/stm32l4xx_hal.o
 .ARM.attributes
                0x000000000000037f       0x34 ./Drivers/STM32L4xx_HAL_Driver/Src/stm32l4xx_hal_adc.o
 .ARM.attributes
                0x00000000000003b3       0x34 ./Drivers/STM32L4xx_HAL_Driver/Src/stm32l4xx_hal_adc_ex.o
 .ARM.attributes
                0x00000000000003e7       0x34 ./Drivers/STM32L4xx_HAL_Driver/Src/stm32l4xx_hal_can.o
 .ARM.attributes
                0x000000000000041b       0x34 ./Drivers/STM32L4xx_HAL_Driver/Src/stm32l4xx_hal_cortex.o
 .ARM.attributes
                0x000000000000044f       0x34 ./Drivers/STM32L4xx_HAL_Driver/Src/stm32l4xx_hal_dma.o
 .ARM.attributes
                0x0000000000000483       0x34 ./Drivers/STM32L4xx_HAL_Driver/Src/stm32l4xx_hal_gpio.o
 .ARM.attributes
                0x00000000000004b7       0x34 ./Drivers/STM32L4xx_HAL_Driver/Src/stm32l4xx_hal_i2c.o
 .ARM.attributes
                0x00000000000004eb       0x34 ./Drivers/STM32L4xx_HAL_Driver/Src/stm32l4xx_hal_i2c_ex.o
 .ARM.attributes
                0x000000000000051f       0x34 ./Drivers/STM32L4xx_HAL_Driver/Src/stm32l4xx_hal_pwr.o
 .ARM.attributes
                0x0000000000000553       0x34 ./Drivers/STM32L4xx_HAL_Driver/Src/stm32l4xx_hal_pwr_ex.o
 .ARM.attributes
                0x0000000000000587       0x34 ./Drivers/STM32L4xx_HAL_Driver/Src/stm32l4xx_hal_rcc.o
 .ARM.attributes
                0x00000000000005bb       0x34 ./Drivers/STM32L4xx_HAL_Driver/Src/stm32l4xx_hal_rcc_ex.o
 .ARM.attributes
                0x00000000000005ef       0x34 ./Drivers/STM32L4xx_HAL_Driver/Src/stm32l4xx_hal_tim.o
 .ARM.attributes
                0x0000000000000623       0x34 ./Drivers/STM32L4xx_HAL_Driver/Src/stm32l4xx_hal_tim_ex.o
 .ARM.attributes
                0x0000000000000657       0x34 ./Drivers/STM32L4xx_HAL_Driver/Src/stm32l4xx_hal_uart.o
 .ARM.attributes
                0x000000000000068b       0x34 C:/ST/STM32CubeIDE_1.13.1/STM32CubeIDE/plugins/com.st.stm32cube.ide.mcu.externaltools.gnu-tools-for-stm32.11.3.rel1.win32_1.1.0.202305231506/tools/bin/../lib/gcc/arm-none-eabi/11.3.1/../../../../arm-none-eabi/lib/thumb/v7e-m+fp/hard\libc_nano.a(libc_a-memset.o)
 .ARM.attributes
                0x00000000000006bf       0x34 C:/ST/STM32CubeIDE_1.13.1/STM32CubeIDE/plugins/com.st.stm32cube.ide.mcu.externaltools.gnu-tools-for-stm32.11.3.rel1.win32_1.1.0.202305231506/tools/bin/../lib/gcc/arm-none-eabi/11.3.1/../../../../arm-none-eabi/lib/thumb/v7e-m+fp/hard\libc_nano.a(libc_a-init.o)
 .ARM.attributes
                0x00000000000006f3       0x1e C:/ST/STM32CubeIDE_1.13.1/STM32CubeIDE/plugins/com.st.stm32cube.ide.mcu.externaltools.gnu-tools-for-stm32.11.3.rel1.win32_1.1.0.202305231506/tools/bin/../lib/gcc/arm-none-eabi/11.3.1/thumb/v7e-m+fp/hard\libgcc.a(_aeabi_uldivmod.o)
 .ARM.attributes
                0x0000000000000711       0x34 C:/ST/STM32CubeIDE_1.13.1/STM32CubeIDE/plugins/com.st.stm32cube.ide.mcu.externaltools.gnu-tools-for-stm32.11.3.rel1.win32_1.1.0.202305231506/tools/bin/../lib/gcc/arm-none-eabi/11.3.1/thumb/v7e-m+fp/hard\libgcc.a(_udivmoddi4.o)
 .ARM.attributes
                0x0000000000000745       0x1e C:/ST/STM32CubeIDE_1.13.1/STM32CubeIDE/plugins/com.st.stm32cube.ide.mcu.externaltools.gnu-tools-for-stm32.11.3.rel1.win32_1.1.0.202305231506/tools/bin/../lib/gcc/arm-none-eabi/11.3.1/thumb/v7e-m+fp/hard\libgcc.a(_dvmd_tls.o)
 .ARM.attributes
                0x0000000000000763       0x1e C:/ST/STM32CubeIDE_1.13.1/STM32CubeIDE/plugins/com.st.stm32cube.ide.mcu.externaltools.gnu-tools-for-stm32.11.3.rel1.win32_1.1.0.202305231506/tools/bin/../lib/gcc/arm-none-eabi/11.3.1/thumb/v7e-m+fp/hard/crtn.o
OUTPUT(MPPT sensing unit.elf elf32-littlearm)
LOAD linker stubs
LOAD C:/ST/STM32CubeIDE_1.13.1/STM32CubeIDE/plugins/com.st.stm32cube.ide.mcu.externaltools.gnu-tools-for-stm32.11.3.rel1.win32_1.1.0.202305231506/tools/bin/../lib/gcc/arm-none-eabi/11.3.1/../../../../arm-none-eabi/lib/thumb/v7e-m+fp/hard\libc.a
LOAD C:/ST/STM32CubeIDE_1.13.1/STM32CubeIDE/plugins/com.st.stm32cube.ide.mcu.externaltools.gnu-tools-for-stm32.11.3.rel1.win32_1.1.0.202305231506/tools/bin/../lib/gcc/arm-none-eabi/11.3.1/../../../../arm-none-eabi/lib/thumb/v7e-m+fp/hard\libm.a
LOAD C:/ST/STM32CubeIDE_1.13.1/STM32CubeIDE/plugins/com.st.stm32cube.ide.mcu.externaltools.gnu-tools-for-stm32.11.3.rel1.win32_1.1.0.202305231506/tools/bin/../lib/gcc/arm-none-eabi/11.3.1/thumb/v7e-m+fp/hard\libgcc.a

.comment        0x0000000000000000       0x43
 .comment       0x0000000000000000       0x43 C:/ST/STM32CubeIDE_1.13.1/STM32CubeIDE/plugins/com.st.stm32cube.ide.mcu.externaltools.gnu-tools-for-stm32.11.3.rel1.win32_1.1.0.202305231506/tools/bin/../lib/gcc/arm-none-eabi/11.3.1/thumb/v7e-m+fp/hard/crtbegin.o
                                         0x44 (size before relaxing)
 .comment       0x0000000000000043       0x44 ./Core/Src/HSB_CurrentModule.o
 .comment       0x0000000000000043       0x44 ./Core/Src/HSB_DebugPrint.o
 .comment       0x0000000000000043       0x44 ./Core/Src/HSB_VoltageModule.o
 .comment       0x0000000000000043       0x44 ./Core/Src/adc.o
 .comment       0x0000000000000043       0x44 ./Core/Src/can.o
 .comment       0x0000000000000043       0x44 ./Core/Src/dma.o
 .comment       0x0000000000000043       0x44 ./Core/Src/gpio.o
 .comment       0x0000000000000043       0x44 ./Core/Src/i2c.o
 .comment       0x0000000000000043       0x44 ./Core/Src/main.o
 .comment       0x0000000000000043       0x44 ./Core/Src/stm32l4xx_hal_msp.o
 .comment       0x0000000000000043       0x44 ./Core/Src/stm32l4xx_it.o
 .comment       0x0000000000000043       0x44 ./Core/Src/system_stm32l4xx.o
 .comment       0x0000000000000043       0x44 ./Core/Src/tim.o
 .comment       0x0000000000000043       0x44 ./Core/Src/usart.o
 .comment       0x0000000000000043       0x44 ./Drivers/STM32L4xx_HAL_Driver/Src/stm32l4xx_hal.o
 .comment       0x0000000000000043       0x44 ./Drivers/STM32L4xx_HAL_Driver/Src/stm32l4xx_hal_adc.o
 .comment       0x0000000000000043       0x44 ./Drivers/STM32L4xx_HAL_Driver/Src/stm32l4xx_hal_adc_ex.o
 .comment       0x0000000000000043       0x44 ./Drivers/STM32L4xx_HAL_Driver/Src/stm32l4xx_hal_can.o
 .comment       0x0000000000000043       0x44 ./Drivers/STM32L4xx_HAL_Driver/Src/stm32l4xx_hal_cortex.o
 .comment       0x0000000000000043       0x44 ./Drivers/STM32L4xx_HAL_Driver/Src/stm32l4xx_hal_dma.o
 .comment       0x0000000000000043       0x44 ./Drivers/STM32L4xx_HAL_Driver/Src/stm32l4xx_hal_gpio.o
 .comment       0x0000000000000043       0x44 ./Drivers/STM32L4xx_HAL_Driver/Src/stm32l4xx_hal_i2c.o
 .comment       0x0000000000000043       0x44 ./Drivers/STM32L4xx_HAL_Driver/Src/stm32l4xx_hal_i2c_ex.o
 .comment       0x0000000000000043       0x44 ./Drivers/STM32L4xx_HAL_Driver/Src/stm32l4xx_hal_pwr.o
 .comment       0x0000000000000043       0x44 ./Drivers/STM32L4xx_HAL_Driver/Src/stm32l4xx_hal_pwr_ex.o
 .comment       0x0000000000000043       0x44 ./Drivers/STM32L4xx_HAL_Driver/Src/stm32l4xx_hal_rcc.o
 .comment       0x0000000000000043       0x44 ./Drivers/STM32L4xx_HAL_Driver/Src/stm32l4xx_hal_rcc_ex.o
 .comment       0x0000000000000043       0x44 ./Drivers/STM32L4xx_HAL_Driver/Src/stm32l4xx_hal_tim.o
 .comment       0x0000000000000043       0x44 ./Drivers/STM32L4xx_HAL_Driver/Src/stm32l4xx_hal_tim_ex.o
 .comment       0x0000000000000043       0x44 ./Drivers/STM32L4xx_HAL_Driver/Src/stm32l4xx_hal_uart.o

.debug_info     0x0000000000000000    0x1bb71
 .debug_info    0x0000000000000000      0x896 ./Core/Src/HSB_CurrentModule.o
 .debug_info    0x0000000000000896      0x79d ./Core/Src/HSB_DebugPrint.o
 .debug_info    0x0000000000001033      0x6fb ./Core/Src/HSB_VoltageModule.o
 .debug_info    0x000000000000172e      0xfb6 ./Core/Src/adc.o
 .debug_info    0x00000000000026e4      0x88f ./Core/Src/can.o
 .debug_info    0x0000000000002f73      0x491 ./Core/Src/dma.o
 .debug_info    0x0000000000003404      0x457 ./Core/Src/gpio.o
 .debug_info    0x000000000000385b      0xe40 ./Core/Src/i2c.o
 .debug_info    0x000000000000469b      0x5ae ./Core/Src/main.o
 .debug_info    0x0000000000004c49      0x2c5 ./Core/Src/stm32l4xx_hal_msp.o
 .debug_info    0x0000000000004f0e      0xf2a ./Core/Src/stm32l4xx_it.o
 .debug_info    0x0000000000005e38      0x5bf ./Core/Src/system_stm32l4xx.o
 .debug_info    0x00000000000063f7      0xe94 ./Core/Src/tim.o
 .debug_info    0x000000000000728b      0xc50 ./Core/Src/usart.o
 .debug_info    0x0000000000007edb       0x23 ./Core/Startup/startup_stm32l432kcux.o
 .debug_info    0x0000000000007efe      0x99e ./Drivers/STM32L4xx_HAL_Driver/Src/stm32l4xx_hal.o
 .debug_info    0x000000000000889c     0x1cc4 ./Drivers/STM32L4xx_HAL_Driver/Src/stm32l4xx_hal_adc.o
 .debug_info    0x000000000000a560     0x17da ./Drivers/STM32L4xx_HAL_Driver/Src/stm32l4xx_hal_adc_ex.o
 .debug_info    0x000000000000bd3a      0xf5b ./Drivers/STM32L4xx_HAL_Driver/Src/stm32l4xx_hal_can.o
 .debug_info    0x000000000000cc95      0xcce ./Drivers/STM32L4xx_HAL_Driver/Src/stm32l4xx_hal_cortex.o
 .debug_info    0x000000000000d963      0x6f4 ./Drivers/STM32L4xx_HAL_Driver/Src/stm32l4xx_hal_dma.o
 .debug_info    0x000000000000e057      0x757 ./Drivers/STM32L4xx_HAL_Driver/Src/stm32l4xx_hal_gpio.o
 .debug_info    0x000000000000e7ae     0x2093 ./Drivers/STM32L4xx_HAL_Driver/Src/stm32l4xx_hal_i2c.o
 .debug_info    0x0000000000010841      0x98d ./Drivers/STM32L4xx_HAL_Driver/Src/stm32l4xx_hal_i2c_ex.o
 .debug_info    0x00000000000111ce      0x92c ./Drivers/STM32L4xx_HAL_Driver/Src/stm32l4xx_hal_pwr.o
 .debug_info    0x0000000000011afa      0x920 ./Drivers/STM32L4xx_HAL_Driver/Src/stm32l4xx_hal_pwr_ex.o
 .debug_info    0x000000000001241a      0xbc3 ./Drivers/STM32L4xx_HAL_Driver/Src/stm32l4xx_hal_rcc.o
 .debug_info    0x0000000000012fdd      0xee5 ./Drivers/STM32L4xx_HAL_Driver/Src/stm32l4xx_hal_rcc_ex.o
 .debug_info    0x0000000000013ec2     0x2a9a ./Drivers/STM32L4xx_HAL_Driver/Src/stm32l4xx_hal_tim.o
 .debug_info    0x000000000001695c     0x169e ./Drivers/STM32L4xx_HAL_Driver/Src/stm32l4xx_hal_tim_ex.o
 .debug_info    0x0000000000017ffa     0x3b77 ./Drivers/STM32L4xx_HAL_Driver/Src/stm32l4xx_hal_uart.o

.debug_abbrev   0x0000000000000000     0x3de6
 .debug_abbrev  0x0000000000000000      0x1ef ./Core/Src/HSB_CurrentModule.o
 .debug_abbrev  0x00000000000001ef      0x1d5 ./Core/Src/HSB_DebugPrint.o
 .debug_abbrev  0x00000000000003c4      0x1ca ./Core/Src/HSB_VoltageModule.o
 .debug_abbrev  0x000000000000058e      0x20b ./Core/Src/adc.o
 .debug_abbrev  0x0000000000000799      0x202 ./Core/Src/can.o
 .debug_abbrev  0x000000000000099b       0xfc ./Core/Src/dma.o
 .debug_abbrev  0x0000000000000a97      0x152 ./Core/Src/gpio.o
 .debug_abbrev  0x0000000000000be9      0x22d ./Core/Src/i2c.o
 .debug_abbrev  0x0000000000000e16      0x20f ./Core/Src/main.o
 .debug_abbrev  0x0000000000001025       0xc6 ./Core/Src/stm32l4xx_hal_msp.o
 .debug_abbrev  0x00000000000010eb      0x1ce ./Core/Src/stm32l4xx_it.o
 .debug_abbrev  0x00000000000012b9      0x11a ./Core/Src/system_stm32l4xx.o
 .debug_abbrev  0x00000000000013d3      0x206 ./Core/Src/tim.o
 .debug_abbrev  0x00000000000015d9      0x1f5 ./Core/Src/usart.o
 .debug_abbrev  0x00000000000017ce       0x12 ./Core/Startup/startup_stm32l432kcux.o
 .debug_abbrev  0x00000000000017e0      0x225 ./Drivers/STM32L4xx_HAL_Driver/Src/stm32l4xx_hal.o
 .debug_abbrev  0x0000000000001a05      0x2d7 ./Drivers/STM32L4xx_HAL_Driver/Src/stm32l4xx_hal_adc.o
 .debug_abbrev  0x0000000000001cdc      0x2d8 ./Drivers/STM32L4xx_HAL_Driver/Src/stm32l4xx_hal_adc_ex.o
 .debug_abbrev  0x0000000000001fb4      0x234 ./Drivers/STM32L4xx_HAL_Driver/Src/stm32l4xx_hal_can.o
 .debug_abbrev  0x00000000000021e8      0x327 ./Drivers/STM32L4xx_HAL_Driver/Src/stm32l4xx_hal_cortex.o
 .debug_abbrev  0x000000000000250f      0x1e4 ./Drivers/STM32L4xx_HAL_Driver/Src/stm32l4xx_hal_dma.o
 .debug_abbrev  0x00000000000026f3      0x1cb ./Drivers/STM32L4xx_HAL_Driver/Src/stm32l4xx_hal_gpio.o
 .debug_abbrev  0x00000000000028be      0x261 ./Drivers/STM32L4xx_HAL_Driver/Src/stm32l4xx_hal_i2c.o
 .debug_abbrev  0x0000000000002b1f      0x1c3 ./Drivers/STM32L4xx_HAL_Driver/Src/stm32l4xx_hal_i2c_ex.o
 .debug_abbrev  0x0000000000002ce2      0x1d4 ./Drivers/STM32L4xx_HAL_Driver/Src/stm32l4xx_hal_pwr.o
 .debug_abbrev  0x0000000000002eb6      0x1f9 ./Drivers/STM32L4xx_HAL_Driver/Src/stm32l4xx_hal_pwr_ex.o
 .debug_abbrev  0x00000000000030af      0x2cb ./Drivers/STM32L4xx_HAL_Driver/Src/stm32l4xx_hal_rcc.o
 .debug_abbrev  0x000000000000337a      0x2a1 ./Drivers/STM32L4xx_HAL_Driver/Src/stm32l4xx_hal_rcc_ex.o
 .debug_abbrev  0x000000000000361b      0x278 ./Drivers/STM32L4xx_HAL_Driver/Src/stm32l4xx_hal_tim.o
 .debug_abbrev  0x0000000000003893      0x283 ./Drivers/STM32L4xx_HAL_Driver/Src/stm32l4xx_hal_tim_ex.o
 .debug_abbrev  0x0000000000003b16      0x2d0 ./Drivers/STM32L4xx_HAL_Driver/Src/stm32l4xx_hal_uart.o

.debug_aranges  0x0000000000000000     0x1850
 .debug_aranges
                0x0000000000000000       0x30 ./Core/Src/HSB_CurrentModule.o
 .debug_aranges
                0x0000000000000030       0x28 ./Core/Src/HSB_DebugPrint.o
 .debug_aranges
                0x0000000000000058       0x28 ./Core/Src/HSB_VoltageModule.o
 .debug_aranges
                0x0000000000000080       0x30 ./Core/Src/adc.o
 .debug_aranges
                0x00000000000000b0       0x30 ./Core/Src/can.o
 .debug_aranges
                0x00000000000000e0       0x20 ./Core/Src/dma.o
 .debug_aranges
                0x0000000000000100       0x20 ./Core/Src/gpio.o
 .debug_aranges
                0x0000000000000120       0x30 ./Core/Src/i2c.o
 .debug_aranges
                0x0000000000000150       0x30 ./Core/Src/main.o
 .debug_aranges
                0x0000000000000180       0x20 ./Core/Src/stm32l4xx_hal_msp.o
 .debug_aranges
                0x00000000000001a0       0x98 ./Core/Src/stm32l4xx_it.o
 .debug_aranges
                0x0000000000000238       0x28 ./Core/Src/system_stm32l4xx.o
 .debug_aranges
                0x0000000000000260       0x38 ./Core/Src/tim.o
 .debug_aranges
                0x0000000000000298       0x30 ./Core/Src/usart.o
 .debug_aranges
                0x00000000000002c8       0x28 ./Core/Startup/startup_stm32l432kcux.o
 .debug_aranges
                0x00000000000002f0      0x108 ./Drivers/STM32L4xx_HAL_Driver/Src/stm32l4xx_hal.o
 .debug_aranges
                0x00000000000003f8      0x210 ./Drivers/STM32L4xx_HAL_Driver/Src/stm32l4xx_hal_adc.o
 .debug_aranges
                0x0000000000000608      0x170 ./Drivers/STM32L4xx_HAL_Driver/Src/stm32l4xx_hal_adc_ex.o
 .debug_aranges
                0x0000000000000778      0x138 ./Drivers/STM32L4xx_HAL_Driver/Src/stm32l4xx_hal_can.o
 .debug_aranges
                0x00000000000008b0      0x118 ./Drivers/STM32L4xx_HAL_Driver/Src/stm32l4xx_hal_cortex.o
 .debug_aranges
                0x00000000000009c8       0x80 ./Drivers/STM32L4xx_HAL_Driver/Src/stm32l4xx_hal_dma.o
 .debug_aranges
                0x0000000000000a48       0x58 ./Drivers/STM32L4xx_HAL_Driver/Src/stm32l4xx_hal_gpio.o
 .debug_aranges
                0x0000000000000aa0      0x2a0 ./Drivers/STM32L4xx_HAL_Driver/Src/stm32l4xx_hal_i2c.o
 .debug_aranges
                0x0000000000000d40       0x48 ./Drivers/STM32L4xx_HAL_Driver/Src/stm32l4xx_hal_i2c_ex.o
 .debug_aranges
                0x0000000000000d88       0x98 ./Drivers/STM32L4xx_HAL_Driver/Src/stm32l4xx_hal_pwr.o
 .debug_aranges
                0x0000000000000e20      0x128 ./Drivers/STM32L4xx_HAL_Driver/Src/stm32l4xx_hal_pwr_ex.o
 .debug_aranges
                0x0000000000000f48       0x90 ./Drivers/STM32L4xx_HAL_Driver/Src/stm32l4xx_hal_rcc.o
 .debug_aranges
                0x0000000000000fd8       0xf0 ./Drivers/STM32L4xx_HAL_Driver/Src/stm32l4xx_hal_rcc_ex.o
 .debug_aranges
                0x00000000000010c8      0x3e0 ./Drivers/STM32L4xx_HAL_Driver/Src/stm32l4xx_hal_tim.o
 .debug_aranges
                0x00000000000014a8      0x180 ./Drivers/STM32L4xx_HAL_Driver/Src/stm32l4xx_hal_tim_ex.o
 .debug_aranges
                0x0000000000001628      0x228 ./Drivers/STM32L4xx_HAL_Driver/Src/stm32l4xx_hal_uart.o

.debug_rnglists
                0x0000000000000000     0x12d1
 .debug_rnglists
                0x0000000000000000       0x20 ./Core/Src/HSB_CurrentModule.o
 .debug_rnglists
                0x0000000000000020       0x19 ./Core/Src/HSB_DebugPrint.o
 .debug_rnglists
                0x0000000000000039       0x19 ./Core/Src/HSB_VoltageModule.o
 .debug_rnglists
                0x0000000000000052       0x21 ./Core/Src/adc.o
 .debug_rnglists
                0x0000000000000073       0x20 ./Core/Src/can.o
 .debug_rnglists
                0x0000000000000093       0x13 ./Core/Src/dma.o
 .debug_rnglists
                0x00000000000000a6       0x14 ./Core/Src/gpio.o
 .debug_rnglists
                0x00000000000000ba       0x21 ./Core/Src/i2c.o
 .debug_rnglists
                0x00000000000000db       0x20 ./Core/Src/main.o
 .debug_rnglists
                0x00000000000000fb       0x13 ./Core/Src/stm32l4xx_hal_msp.o
 .debug_rnglists
                0x000000000000010e       0x6d ./Core/Src/stm32l4xx_it.o
 .debug_rnglists
                0x000000000000017b       0x1a ./Core/Src/system_stm32l4xx.o
 .debug_rnglists
                0x0000000000000195       0x26 ./Core/Src/tim.o
 .debug_rnglists
                0x00000000000001bb       0x20 ./Core/Src/usart.o
 .debug_rnglists
                0x00000000000001db       0x19 ./Core/Startup/startup_stm32l432kcux.o
 .debug_rnglists
                0x00000000000001f4       0xc1 ./Drivers/STM32L4xx_HAL_Driver/Src/stm32l4xx_hal.o
 .debug_rnglists
                0x00000000000002b5      0x196 ./Drivers/STM32L4xx_HAL_Driver/Src/stm32l4xx_hal_adc.o
 .debug_rnglists
                0x000000000000044b      0x11a ./Drivers/STM32L4xx_HAL_Driver/Src/stm32l4xx_hal_adc_ex.o
 .debug_rnglists
                0x0000000000000565       0xee ./Drivers/STM32L4xx_HAL_Driver/Src/stm32l4xx_hal_can.o
 .debug_rnglists
                0x0000000000000653       0xce ./Drivers/STM32L4xx_HAL_Driver/Src/stm32l4xx_hal_cortex.o
 .debug_rnglists
                0x0000000000000721       0x64 ./Drivers/STM32L4xx_HAL_Driver/Src/stm32l4xx_hal_dma.o
 .debug_rnglists
                0x0000000000000785       0x3f ./Drivers/STM32L4xx_HAL_Driver/Src/stm32l4xx_hal_gpio.o
 .debug_rnglists
                0x00000000000007c4      0x228 ./Drivers/STM32L4xx_HAL_Driver/Src/stm32l4xx_hal_i2c.o
 .debug_rnglists
                0x00000000000009ec       0x35 ./Drivers/STM32L4xx_HAL_Driver/Src/stm32l4xx_hal_i2c_ex.o
 .debug_rnglists
                0x0000000000000a21       0x6e ./Drivers/STM32L4xx_HAL_Driver/Src/stm32l4xx_hal_pwr.o
 .debug_rnglists
                0x0000000000000a8f       0xdf ./Drivers/STM32L4xx_HAL_Driver/Src/stm32l4xx_hal_pwr_ex.o
 .debug_rnglists
                0x0000000000000b6e       0x6d ./Drivers/STM32L4xx_HAL_Driver/Src/stm32l4xx_hal_rcc.o
 .debug_rnglists
                0x0000000000000bdb       0xba ./Drivers/STM32L4xx_HAL_Driver/Src/stm32l4xx_hal_rcc_ex.o
 .debug_rnglists
                0x0000000000000c95      0x328 ./Drivers/STM32L4xx_HAL_Driver/Src/stm32l4xx_hal_tim.o
 .debug_rnglists
                0x0000000000000fbd      0x139 ./Drivers/STM32L4xx_HAL_Driver/Src/stm32l4xx_hal_tim_ex.o
 .debug_rnglists
                0x00000000000010f6      0x1db ./Drivers/STM32L4xx_HAL_Driver/Src/stm32l4xx_hal_uart.o

.debug_macro    0x0000000000000000    0x2508b
 .debug_macro   0x0000000000000000      0x34e ./Core/Src/HSB_CurrentModule.o
 .debug_macro   0x000000000000034e      0xaa8 ./Core/Src/HSB_CurrentModule.o
 .debug_macro   0x0000000000000df6      0x1b9 ./Core/Src/HSB_CurrentModule.o
 .debug_macro   0x0000000000000faf       0x2e ./Core/Src/HSB_CurrentModule.o
 .debug_macro   0x0000000000000fdd       0x28 ./Core/Src/HSB_CurrentModule.o
 .debug_macro   0x0000000000001005       0x22 ./Core/Src/HSB_CurrentModule.o
 .debug_macro   0x0000000000001027       0x8e ./Core/Src/HSB_CurrentModule.o
 .debug_macro   0x00000000000010b5       0x51 ./Core/Src/HSB_CurrentModule.o
 .debug_macro   0x0000000000001106      0x103 ./Core/Src/HSB_CurrentModule.o
 .debug_macro   0x0000000000001209       0x6a ./Core/Src/HSB_CurrentModule.o
 .debug_macro   0x0000000000001273      0x1df ./Core/Src/HSB_CurrentModule.o
 .debug_macro   0x0000000000001452       0x1c ./Core/Src/HSB_CurrentModule.o
 .debug_macro   0x000000000000146e       0x22 ./Core/Src/HSB_CurrentModule.o
 .debug_macro   0x0000000000001490       0xfb ./Core/Src/HSB_CurrentModule.o
 .debug_macro   0x000000000000158b     0x1011 ./Core/Src/HSB_CurrentModule.o
 .debug_macro   0x000000000000259c      0x11f ./Core/Src/HSB_CurrentModule.o
 .debug_macro   0x00000000000026bb    0x147a6 ./Core/Src/HSB_CurrentModule.o
 .debug_macro   0x0000000000016e61       0x6d ./Core/Src/HSB_CurrentModule.o
 .debug_macro   0x0000000000016ece     0x38e6 ./Core/Src/HSB_CurrentModule.o
 .debug_macro   0x000000000001a7b4      0x174 ./Core/Src/HSB_CurrentModule.o
 .debug_macro   0x000000000001a928       0x5c ./Core/Src/HSB_CurrentModule.o
 .debug_macro   0x000000000001a984     0x11ca ./Core/Src/HSB_CurrentModule.o
 .debug_macro   0x000000000001bb4e      0x53c ./Core/Src/HSB_CurrentModule.o
 .debug_macro   0x000000000001c08a      0x1b9 ./Core/Src/HSB_CurrentModule.o
 .debug_macro   0x000000000001c243      0x122 ./Core/Src/HSB_CurrentModule.o
 .debug_macro   0x000000000001c365      0x26b ./Core/Src/HSB_CurrentModule.o
 .debug_macro   0x000000000001c5d0      0x23d ./Core/Src/HSB_CurrentModule.o
 .debug_macro   0x000000000001c80d      0xde6 ./Core/Src/HSB_CurrentModule.o
 .debug_macro   0x000000000001d5f3      0x61d ./Core/Src/HSB_CurrentModule.o
 .debug_macro   0x000000000001dc10      0x241 ./Core/Src/HSB_CurrentModule.o
 .debug_macro   0x000000000001de51      0x408 ./Core/Src/HSB_CurrentModule.o
 .debug_macro   0x000000000001e259      0x241 ./Core/Src/HSB_CurrentModule.o
 .debug_macro   0x000000000001e49a      0x375 ./Core/Src/HSB_CurrentModule.o
 .debug_macro   0x000000000001e80f       0xd6 ./Core/Src/HSB_CurrentModule.o
 .debug_macro   0x000000000001e8e5      0x22c ./Core/Src/HSB_CurrentModule.o
 .debug_macro   0x000000000001eb11       0x61 ./Core/Src/HSB_CurrentModule.o
 .debug_macro   0x000000000001eb72       0xa5 ./Core/Src/HSB_CurrentModule.o
 .debug_macro   0x000000000001ec17      0x122 ./Core/Src/HSB_CurrentModule.o
 .debug_macro   0x000000000001ed39      0x356 ./Core/Src/HSB_CurrentModule.o
 .debug_macro   0x000000000001f08f      0xa98 ./Core/Src/HSB_CurrentModule.o
 .debug_macro   0x000000000001fb27      0x12d ./Core/Src/HSB_CurrentModule.o
 .debug_macro   0x000000000001fc54      0x5cf ./Core/Src/HSB_CurrentModule.o
 .debug_macro   0x0000000000020223       0x44 ./Core/Src/HSB_CurrentModule.o
 .debug_macro   0x0000000000020267      0x220 ./Core/Src/HSB_CurrentModule.o
 .debug_macro   0x0000000000020487       0xac ./Core/Src/HSB_CurrentModule.o
 .debug_macro   0x0000000000020533       0x61 ./Core/Src/HSB_CurrentModule.o
 .debug_macro   0x0000000000020594       0x2a ./Core/Src/HSB_CurrentModule.o
 .debug_macro   0x00000000000205be       0x43 ./Core/Src/HSB_CurrentModule.o
 .debug_macro   0x0000000000020601       0x34 ./Core/Src/HSB_CurrentModule.o
 .debug_macro   0x0000000000020635       0x16 ./Core/Src/HSB_CurrentModule.o
 .debug_macro   0x000000000002064b       0x35 ./Core/Src/HSB_CurrentModule.o
 .debug_macro   0x0000000000020680      0x369 ./Core/Src/HSB_CurrentModule.o
 .debug_macro   0x00000000000209e9       0x10 ./Core/Src/HSB_CurrentModule.o
 .debug_macro   0x00000000000209f9       0x16 ./Core/Src/HSB_CurrentModule.o
 .debug_macro   0x0000000000020a0f       0x43 ./Core/Src/HSB_CurrentModule.o
 .debug_macro   0x0000000000020a52       0x34 ./Core/Src/HSB_CurrentModule.o
 .debug_macro   0x0000000000020a86       0x10 ./Core/Src/HSB_CurrentModule.o
 .debug_macro   0x0000000000020a96       0x58 ./Core/Src/HSB_CurrentModule.o
 .debug_macro   0x0000000000020aee       0x8e ./Core/Src/HSB_CurrentModule.o
 .debug_macro   0x0000000000020b7c       0x1c ./Core/Src/HSB_CurrentModule.o
 .debug_macro   0x0000000000020b98      0x177 ./Core/Src/HSB_CurrentModule.o
 .debug_macro   0x0000000000020d0f       0x16 ./Core/Src/HSB_CurrentModule.o
 .debug_macro   0x0000000000020d25       0x16 ./Core/Src/HSB_CurrentModule.o
 .debug_macro   0x0000000000020d3b      0x147 ./Core/Src/HSB_CurrentModule.o
 .debug_macro   0x0000000000020e82       0x16 ./Core/Src/HSB_CurrentModule.o
 .debug_macro   0x0000000000020e98       0x20 ./Core/Src/HSB_CurrentModule.o
 .debug_macro   0x0000000000020eb8       0x22 ./Core/Src/HSB_CurrentModule.o
 .debug_macro   0x0000000000020eda      0x33a ./Core/Src/HSB_DebugPrint.o
 .debug_macro   0x0000000000021214      0x33a ./Core/Src/HSB_VoltageModule.o
 .debug_macro   0x000000000002154e      0x21f ./Core/Src/adc.o
 .debug_macro   0x000000000002176d      0x21f ./Core/Src/can.o
 .debug_macro   0x000000000002198c      0x21f ./Core/Src/dma.o
 .debug_macro   0x0000000000021bab      0x21f ./Core/Src/gpio.o
 .debug_macro   0x0000000000021dca      0x21f ./Core/Src/i2c.o
 .debug_macro   0x0000000000021fe9      0x39e ./Core/Src/main.o
 .debug_macro   0x0000000000022387      0x215 ./Core/Src/stm32l4xx_hal_msp.o
 .debug_macro   0x000000000002259c      0x21f ./Core/Src/stm32l4xx_it.o
 .debug_macro   0x00000000000227bb      0x206 ./Core/Src/system_stm32l4xx.o
 .debug_macro   0x00000000000229c1      0x21f ./Core/Src/tim.o
 .debug_macro   0x0000000000022be0      0x21f ./Core/Src/usart.o
 .debug_macro   0x0000000000022dff      0x24e ./Drivers/STM32L4xx_HAL_Driver/Src/stm32l4xx_hal.o
 .debug_macro   0x000000000002304d      0x223 ./Drivers/STM32L4xx_HAL_Driver/Src/stm32l4xx_hal_adc.o
 .debug_macro   0x0000000000023270      0x212 ./Drivers/STM32L4xx_HAL_Driver/Src/stm32l4xx_hal_adc_ex.o
 .debug_macro   0x0000000000023482      0x20e ./Drivers/STM32L4xx_HAL_Driver/Src/stm32l4xx_hal_can.o
 .debug_macro   0x0000000000023690      0x206 ./Drivers/STM32L4xx_HAL_Driver/Src/stm32l4xx_hal_cortex.o
 .debug_macro   0x0000000000023896      0x206 ./Drivers/STM32L4xx_HAL_Driver/Src/stm32l4xx_hal_dma.o
 .debug_macro   0x0000000000023a9c      0x20d ./Drivers/STM32L4xx_HAL_Driver/Src/stm32l4xx_hal_gpio.o
 .debug_macro   0x0000000000023ca9      0x2d2 ./Drivers/STM32L4xx_HAL_Driver/Src/stm32l4xx_hal_i2c.o
 .debug_macro   0x0000000000023f7b      0x206 ./Drivers/STM32L4xx_HAL_Driver/Src/stm32l4xx_hal_i2c_ex.o
 .debug_macro   0x0000000000024181      0x21e ./Drivers/STM32L4xx_HAL_Driver/Src/stm32l4xx_hal_pwr.o
 .debug_macro   0x000000000002439f      0x22a ./Drivers/STM32L4xx_HAL_Driver/Src/stm32l4xx_hal_pwr_ex.o
 .debug_macro   0x00000000000245c9      0x248 ./Drivers/STM32L4xx_HAL_Driver/Src/stm32l4xx_hal_rcc.o
 .debug_macro   0x0000000000024811      0x23c ./Drivers/STM32L4xx_HAL_Driver/Src/stm32l4xx_hal_rcc_ex.o
 .debug_macro   0x0000000000024a4d      0x207 ./Drivers/STM32L4xx_HAL_Driver/Src/stm32l4xx_hal_tim.o
 .debug_macro   0x0000000000024c54      0x206 ./Drivers/STM32L4xx_HAL_Driver/Src/stm32l4xx_hal_tim_ex.o
 .debug_macro   0x0000000000024e5a      0x231 ./Drivers/STM32L4xx_HAL_Driver/Src/stm32l4xx_hal_uart.o

.debug_line     0x0000000000000000    0x1fc87
 .debug_line    0x0000000000000000      0x9f6 ./Core/Src/HSB_CurrentModule.o
 .debug_line    0x00000000000009f6      0x9a4 ./Core/Src/HSB_DebugPrint.o
 .debug_line    0x000000000000139a      0x9ae ./Core/Src/HSB_VoltageModule.o
 .debug_line    0x0000000000001d48      0x8bf ./Core/Src/adc.o
 .debug_line    0x0000000000002607      0x844 ./Core/Src/can.o
 .debug_line    0x0000000000002e4b      0x7d6 ./Core/Src/dma.o
 .debug_line    0x0000000000003621      0x7ef ./Core/Src/gpio.o
 .debug_line    0x0000000000003e10      0x8b9 ./Core/Src/i2c.o
 .debug_line    0x00000000000046c9      0xa84 ./Core/Src/main.o
 .debug_line    0x000000000000514d      0x7d7 ./Core/Src/stm32l4xx_hal_msp.o
 .debug_line    0x0000000000005924      0x941 ./Core/Src/stm32l4xx_it.o
 .debug_line    0x0000000000006265      0x86e ./Core/Src/system_stm32l4xx.o
 .debug_line    0x0000000000006ad3      0x895 ./Core/Src/tim.o
 .debug_line    0x0000000000007368      0x868 ./Core/Src/usart.o
 .debug_line    0x0000000000007bd0       0x7a ./Core/Startup/startup_stm32l432kcux.o
 .debug_line    0x0000000000007c4a      0xb33 ./Drivers/STM32L4xx_HAL_Driver/Src/stm32l4xx_hal.o
 .debug_line    0x000000000000877d     0x1d6f ./Drivers/STM32L4xx_HAL_Driver/Src/stm32l4xx_hal_adc.o
 .debug_line    0x000000000000a4ec     0x15c9 ./Drivers/STM32L4xx_HAL_Driver/Src/stm32l4xx_hal_adc_ex.o
 .debug_line    0x000000000000bab5     0x1231 ./Drivers/STM32L4xx_HAL_Driver/Src/stm32l4xx_hal_can.o
 .debug_line    0x000000000000cce6      0xd6d ./Drivers/STM32L4xx_HAL_Driver/Src/stm32l4xx_hal_cortex.o
 .debug_line    0x000000000000da53      0xdb7 ./Drivers/STM32L4xx_HAL_Driver/Src/stm32l4xx_hal_dma.o
 .debug_line    0x000000000000e80a      0xbbd ./Drivers/STM32L4xx_HAL_Driver/Src/stm32l4xx_hal_gpio.o
 .debug_line    0x000000000000f3c7     0x39a5 ./Drivers/STM32L4xx_HAL_Driver/Src/stm32l4xx_hal_i2c.o
 .debug_line    0x0000000000012d6c      0x9f4 ./Drivers/STM32L4xx_HAL_Driver/Src/stm32l4xx_hal_i2c_ex.o
 .debug_line    0x0000000000013760      0x9a3 ./Drivers/STM32L4xx_HAL_Driver/Src/stm32l4xx_hal_pwr.o
 .debug_line    0x0000000000014103      0xcc5 ./Drivers/STM32L4xx_HAL_Driver/Src/stm32l4xx_hal_pwr_ex.o
 .debug_line    0x0000000000014dc8     0x107b ./Drivers/STM32L4xx_HAL_Driver/Src/stm32l4xx_hal_rcc.o
 .debug_line    0x0000000000015e43     0x13be ./Drivers/STM32L4xx_HAL_Driver/Src/stm32l4xx_hal_rcc_ex.o
 .debug_line    0x0000000000017201     0x3c70 ./Drivers/STM32L4xx_HAL_Driver/Src/stm32l4xx_hal_tim.o
 .debug_line    0x000000000001ae71     0x1bdd ./Drivers/STM32L4xx_HAL_Driver/Src/stm32l4xx_hal_tim_ex.o
 .debug_line    0x000000000001ca4e     0x3239 ./Drivers/STM32L4xx_HAL_Driver/Src/stm32l4xx_hal_uart.o

.debug_str      0x0000000000000000    0xdfd45
 .debug_str     0x0000000000000000    0xd896c ./Core/Src/HSB_CurrentModule.o
                                      0xd8f18 (size before relaxing)
 .debug_str     0x00000000000d896c      0x281 ./Core/Src/HSB_DebugPrint.o
                                      0xd8e20 (size before relaxing)
 .debug_str     0x00000000000d8bed      0x318 ./Core/Src/HSB_VoltageModule.o
                                      0xd8eaf (size before relaxing)
 .debug_str     0x00000000000d8f05      0x7c0 ./Core/Src/adc.o
                                      0xd5e40 (size before relaxing)
 .debug_str     0x00000000000d96c5      0x262 ./Core/Src/can.o
                                      0xd55e9 (size before relaxing)
 .debug_str     0x00000000000d9927       0x29 ./Core/Src/dma.o
                                      0xd566a (size before relaxing)
 .debug_str     0x00000000000d9950       0x68 ./Core/Src/gpio.o
                                      0xd533b (size before relaxing)
 .debug_str     0x00000000000d99b8       0x72 ./Core/Src/i2c.o
                                      0xd5e71 (size before relaxing)
 .debug_str     0x00000000000d9a2a      0x22c ./Core/Src/main.o
                                      0xd8df4 (size before relaxing)
 .debug_str     0x00000000000d9c56       0x2c ./Core/Src/stm32l4xx_hal_msp.o
                                      0xd5270 (size before relaxing)
 .debug_str     0x00000000000d9c82      0x450 ./Core/Src/stm32l4xx_it.o
                                      0xd5dad (size before relaxing)
 .debug_str     0x00000000000da0d2       0xf2 ./Core/Src/system_stm32l4xx.o
                                      0xd50bd (size before relaxing)
 .debug_str     0x00000000000da1c4      0x1ee ./Core/Src/tim.o
                                      0xd5e5c (size before relaxing)
 .debug_str     0x00000000000da3b2       0x51 ./Core/Src/usart.o
                                      0xd5977 (size before relaxing)
 .debug_str     0x00000000000da403       0x34 ./Core/Startup/startup_stm32l432kcux.o
                                         0x7a (size before relaxing)
 .debug_str     0x00000000000da437      0x55e ./Drivers/STM32L4xx_HAL_Driver/Src/stm32l4xx_hal.o
                                      0xd5a4a (size before relaxing)
 .debug_str     0x00000000000da995      0x9f2 ./Drivers/STM32L4xx_HAL_Driver/Src/stm32l4xx_hal_adc.o
                                      0xd5ea0 (size before relaxing)
 .debug_str     0x00000000000db387      0x584 ./Drivers/STM32L4xx_HAL_Driver/Src/stm32l4xx_hal_adc_ex.o
                                      0xd5cca (size before relaxing)
 .debug_str     0x00000000000db90b      0x565 ./Drivers/STM32L4xx_HAL_Driver/Src/stm32l4xx_hal_can.o
                                      0xd5734 (size before relaxing)
 .debug_str     0x00000000000dbe70      0x31d ./Drivers/STM32L4xx_HAL_Driver/Src/stm32l4xx_hal_cortex.o
                                      0xd57eb (size before relaxing)
 .debug_str     0x00000000000dc18d      0x205 ./Drivers/STM32L4xx_HAL_Driver/Src/stm32l4xx_hal_dma.o
                                      0xd5324 (size before relaxing)
 .debug_str     0x00000000000dc392      0x123 ./Drivers/STM32L4xx_HAL_Driver/Src/stm32l4xx_hal_gpio.o
                                      0xd5231 (size before relaxing)
 .debug_str     0x00000000000dc4b5      0xd5b ./Drivers/STM32L4xx_HAL_Driver/Src/stm32l4xx_hal_i2c.o
                                      0xd62c9 (size before relaxing)
 .debug_str     0x00000000000dd210       0xb8 ./Drivers/STM32L4xx_HAL_Driver/Src/stm32l4xx_hal_i2c_ex.o
                                      0xd55f4 (size before relaxing)
 .debug_str     0x00000000000dd2c8      0x329 ./Drivers/STM32L4xx_HAL_Driver/Src/stm32l4xx_hal_pwr.o
                                      0xd5407 (size before relaxing)
 .debug_str     0x00000000000dd5f1      0x359 ./Drivers/STM32L4xx_HAL_Driver/Src/stm32l4xx_hal_pwr_ex.o
                                      0xd5565 (size before relaxing)
 .debug_str     0x00000000000dd94a      0x381 ./Drivers/STM32L4xx_HAL_Driver/Src/stm32l4xx_hal_rcc.o
                                      0xd56bd (size before relaxing)
 .debug_str     0x00000000000ddccb      0x4e0 ./Drivers/STM32L4xx_HAL_Driver/Src/stm32l4xx_hal_rcc_ex.o
                                      0xd591d (size before relaxing)
 .debug_str     0x00000000000de1ab      0xd90 ./Drivers/STM32L4xx_HAL_Driver/Src/stm32l4xx_hal_tim.o
                                      0xd63fa (size before relaxing)
 .debug_str     0x00000000000def3b      0x57f ./Drivers/STM32L4xx_HAL_Driver/Src/stm32l4xx_hal_tim_ex.o
                                      0xd5d0e (size before relaxing)
 .debug_str     0x00000000000df4ba      0x88b ./Drivers/STM32L4xx_HAL_Driver/Src/stm32l4xx_hal_uart.o
                                      0xd5e15 (size before relaxing)

.debug_frame    0x0000000000000000     0x65f0
 .debug_frame   0x0000000000000000       0x78 ./Core/Src/HSB_CurrentModule.o
 .debug_frame   0x0000000000000078       0x6c ./Core/Src/HSB_DebugPrint.o
 .debug_frame   0x00000000000000e4       0x5c ./Core/Src/HSB_VoltageModule.o
 .debug_frame   0x0000000000000140       0x80 ./Core/Src/adc.o
 .debug_frame   0x00000000000001c0       0x74 ./Core/Src/can.o
 .debug_frame   0x0000000000000234       0x34 ./Core/Src/dma.o
 .debug_frame   0x0000000000000268       0x34 ./Core/Src/gpio.o
 .debug_frame   0x000000000000029c       0x78 ./Core/Src/i2c.o
 .debug_frame   0x0000000000000314       0x6c ./Core/Src/main.o
 .debug_frame   0x0000000000000380       0x38 ./Core/Src/stm32l4xx_hal_msp.o
 .debug_frame   0x00000000000003b8      0x1c8 ./Core/Src/stm32l4xx_it.o
 .debug_frame   0x0000000000000580       0x58 ./Core/Src/system_stm32l4xx.o
 .debug_frame   0x00000000000005d8       0xa0 ./Core/Src/tim.o
 .debug_frame   0x0000000000000678       0x78 ./Core/Src/usart.o
 .debug_frame   0x00000000000006f0      0x3dc ./Drivers/STM32L4xx_HAL_Driver/Src/stm32l4xx_hal.o
 .debug_frame   0x0000000000000acc      0x9b0 ./Drivers/STM32L4xx_HAL_Driver/Src/stm32l4xx_hal_adc.o
 .debug_frame   0x000000000000147c      0x68c ./Drivers/STM32L4xx_HAL_Driver/Src/stm32l4xx_hal_adc_ex.o
 .debug_frame   0x0000000000001b08      0x5a0 ./Drivers/STM32L4xx_HAL_Driver/Src/stm32l4xx_hal_can.o
 .debug_frame   0x00000000000020a8      0x498 ./Drivers/STM32L4xx_HAL_Driver/Src/stm32l4xx_hal_cortex.o
 .debug_frame   0x0000000000002540      0x204 ./Drivers/STM32L4xx_HAL_Driver/Src/stm32l4xx_hal_dma.o
 .debug_frame   0x0000000000002744      0x14c ./Drivers/STM32L4xx_HAL_Driver/Src/stm32l4xx_hal_gpio.o
 .debug_frame   0x0000000000002890      0xc38 ./Drivers/STM32L4xx_HAL_Driver/Src/stm32l4xx_hal_i2c.o
 .debug_frame   0x00000000000034c8      0x100 ./Drivers/STM32L4xx_HAL_Driver/Src/stm32l4xx_hal_i2c_ex.o
 .debug_frame   0x00000000000035c8      0x230 ./Drivers/STM32L4xx_HAL_Driver/Src/stm32l4xx_hal_pwr.o
 .debug_frame   0x00000000000037f8      0x4a4 ./Drivers/STM32L4xx_HAL_Driver/Src/stm32l4xx_hal_pwr_ex.o
 .debug_frame   0x0000000000003c9c      0x21c ./Drivers/STM32L4xx_HAL_Driver/Src/stm32l4xx_hal_rcc.o
 .debug_frame   0x0000000000003eb8      0x3d0 ./Drivers/STM32L4xx_HAL_Driver/Src/stm32l4xx_hal_rcc_ex.o
 .debug_frame   0x0000000000004288     0x1218 ./Drivers/STM32L4xx_HAL_Driver/Src/stm32l4xx_hal_tim.o
 .debug_frame   0x00000000000054a0      0x6b0 ./Drivers/STM32L4xx_HAL_Driver/Src/stm32l4xx_hal_tim_ex.o
 .debug_frame   0x0000000000005b50      0x9f4 ./Drivers/STM32L4xx_HAL_Driver/Src/stm32l4xx_hal_uart.o
 .debug_frame   0x0000000000006544       0x20 C:/ST/STM32CubeIDE_1.13.1/STM32CubeIDE/plugins/com.st.stm32cube.ide.mcu.externaltools.gnu-tools-for-stm32.11.3.rel1.win32_1.1.0.202305231506/tools/bin/../lib/gcc/arm-none-eabi/11.3.1/../../../../arm-none-eabi/lib/thumb/v7e-m+fp/hard\libc_nano.a(libc_a-memset.o)
 .debug_frame   0x0000000000006564       0x2c C:/ST/STM32CubeIDE_1.13.1/STM32CubeIDE/plugins/com.st.stm32cube.ide.mcu.externaltools.gnu-tools-for-stm32.11.3.rel1.win32_1.1.0.202305231506/tools/bin/../lib/gcc/arm-none-eabi/11.3.1/../../../../arm-none-eabi/lib/thumb/v7e-m+fp/hard\libc_nano.a(libc_a-init.o)
 .debug_frame   0x0000000000006590       0x2c C:/ST/STM32CubeIDE_1.13.1/STM32CubeIDE/plugins/com.st.stm32cube.ide.mcu.externaltools.gnu-tools-for-stm32.11.3.rel1.win32_1.1.0.202305231506/tools/bin/../lib/gcc/arm-none-eabi/11.3.1/thumb/v7e-m+fp/hard\libgcc.a(_aeabi_uldivmod.o)
 .debug_frame   0x00000000000065bc       0x34 C:/ST/STM32CubeIDE_1.13.1/STM32CubeIDE/plugins/com.st.stm32cube.ide.mcu.externaltools.gnu-tools-for-stm32.11.3.rel1.win32_1.1.0.202305231506/tools/bin/../lib/gcc/arm-none-eabi/11.3.1/thumb/v7e-m+fp/hard\libgcc.a(_udivmoddi4.o)

.debug_line_str
                0x0000000000000000       0x6e
 .debug_line_str
                0x0000000000000000       0x6e ./Core/Startup/startup_stm32l432kcux.o
                                         0x86 (size before relaxing)